@hyperframes/core build:hyperframes-runtime: {"event":"hyperframe_runtime_artifacts_generated","buildId":"dev","distDir":"/workspace/packages/core/dist","iifePath":"/workspace/packages/core/dist/hyperframe.runtime.iife.js","esmPath":"/workspace/packages/core/dist/hyperframe.runtime.mjs","manifestPath":"/workspace/packages/core/dist/hyperframe.manifest.json","inlineModulePath":"/workspace/packages/core/src/generated/runtime-inline.ts","sourceBytes":401731,"esmBytes":401707,"sha256":"3056a243b7ed69e68d5ade51e49dbc3df6e342c89ecf9554e8743bf4533b21e3"}
$ bun run build:owned-runtimes && bun run --filter @hyperframes/studio dev:container
$ bun run build:hyperframes-runtime && bun run --cwd packages/core build:position-edits-render && bun run --cwd packages/core build:audio-fx-runtime
$ bun run --filter @hyperframes/core build:hyperframes-runtime
$ tsx scripts/build-position-edits-render.ts
$ tsx scripts/build-audio-fx-runtime.ts
@hyperframes/core build:hyperframes-runtime: Exited with code 0
{"event":"position_edits_render_generated","outPath":"/workspace/packages/core/src/generated/position-edits-render-inline.ts","bytes":3817}
{"event":"audio_fx_runtime_generated","outPath":"/workspace/packages/core/src/generated/audio-fx-runtime-inline.ts","bytes":38675}
@hyperframes/studio dev:container: 
@hyperframes/studio dev:container:   VITE v6.4.2  ready in 603 ms
@hyperframes/studio dev:container: 
@hyperframes/studio dev:container:   ➜  Local:   http://localhost:5190/
@hyperframes/studio dev:container:   ➜  Network: http://192.168.112.3:5190/
@hyperframes/studio dev:container: [INFO] [Render] Pipeline started {"renderJobId":"e983a569-fa77-4883-ab6e-86cebba42d8f","platform":"linux","arch":"x64","nodeVersion":"v24.3.0","fps":{"num":30,"den":1},"format":"mp4","quality":"standard","browserGpuMode":"software","forceScreenshot":true,"protocolTimeout":300000,"browserTimeout":120000,"pageNavigationTimeout":60000,"playerReadyTimeout":45000}
@hyperframes/studio dev:container: [INFO] [Render:trace] {"renderJobId":"e983a569-fa77-4883-ab6e-86cebba42d8f","phase":"pipeline","status":"checkpoint","elapsedMs":5,"message":"started","format":"mp4","quality":"standard","browserGpuMode":"software","forceScreenshot":true,"protocolTimeoutMs":300000,"pageNavigationTimeoutMs":60000,"playerReadyTimeoutMs":45000,"requestedWorkers":1}
@hyperframes/studio dev:container: [INFO] [Render:trace] {"renderJobId":"e983a569-fa77-4883-ab6e-86cebba42d8f","phase":"compile","status":"start","elapsedMs":6,"needsAlpha":false}
@hyperframes/studio dev:container: [INFO] [Render:trace] {"renderJobId":"e983a569-fa77-4883-ab6e-86cebba42d8f","phase":"compile","status":"checkpoint","elapsedMs":30006,"message":"stage still running","needsAlpha":false,"heartbeatIndex":1,"stageElapsedMs":30000}
@hyperframes/studio dev:container: [INFO] [Render:trace] {"renderJobId":"e983a569-fa77-4883-ab6e-86cebba42d8f","phase":"compile","status":"checkpoint","elapsedMs":60007,"message":"stage still running","needsAlpha":false,"heartbeatIndex":2,"stageElapsedMs":60001}
@hyperframes/studio dev:container: [INFO] [Render:trace] {"renderJobId":"e983a569-fa77-4883-ab6e-86cebba42d8f","phase":"compile","status":"checkpoint","elapsedMs":120011,"message":"stage still running","needsAlpha":false,"heartbeatIndex":3,"stageElapsedMs":120005}
@hyperframes/studio dev:container: [INFO] [Render:trace] {"renderJobId":"e983a569-fa77-4883-ab6e-86cebba42d8f","phase":"compile","status":"checkpoint","elapsedMs":240015,"message":"stage still running","needsAlpha":false,"heartbeatIndex":4,"stageElapsedMs":240009}
@hyperframes/studio dev:container: [INFO] [Render:trace] {"renderJobId":"e983a569-fa77-4883-ab6e-86cebba42d8f","phase":"compile","status":"checkpoint","elapsedMs":360015,"message":"stage still running","needsAlpha":false,"heartbeatIndex":5,"stageElapsedMs":360009}
@hyperframes/studio dev:container: [INFO] [Render:trace] {"renderJobId":"e983a569-fa77-4883-ab6e-86cebba42d8f","phase":"compile","status":"checkpoint","elapsedMs":480017,"message":"stage still running","needsAlpha":false,"heartbeatIndex":6,"stageElapsedMs":480011}
@hyperframes/studio dev:container: [INFO] [Render:trace] {"renderJobId":"e983a569-fa77-4883-ab6e-86cebba42d8f","phase":"compile","status":"checkpoint","elapsedMs":600018,"message":"stage still running","needsAlpha":false,"heartbeatIndex":7,"stageElapsedMs":600012}
