@hyperframes/core build:hyperframes-runtime: {"event":"hyperframe_runtime_artifacts_generated","buildId":"dev","distDir":"/workspace/packages/core/dist","iifePath":"/workspace/packages/core/dist/hyperframe.runtime.iife.js","esmPath":"/workspace/packages/core/dist/hyperframe.runtime.mjs","manifestPath":"/workspace/packages/core/dist/hyperframe.manifest.json","inlineModulePath":"/workspace/packages/core/src/generated/runtime-inline.ts","sourceBytes":401731,"esmBytes":401707,"sha256":"3056a243b7ed69e68d5ade51e49dbc3df6e342c89ecf9554e8743bf4533b21e3"}
$ bun run build:owned-runtimes && bun run --filter @hyperframes/studio dev:container
$ bun run build:hyperframes-runtime && bun run --cwd packages/core build:position-edits-render && bun run --cwd packages/core build:audio-fx-runtime
$ bun run --filter @hyperframes/core build:hyperframes-runtime
$ tsx scripts/build-position-edits-render.ts
$ tsx scripts/build-audio-fx-runtime.ts
@hyperframes/core build:hyperframes-runtime: Exited with code 0
{"event":"position_edits_render_generated","outPath":"/workspace/packages/core/src/generated/position-edits-render-inline.ts","bytes":3817}
{"event":"audio_fx_runtime_generated","outPath":"/workspace/packages/core/src/generated/audio-fx-runtime-inline.ts","bytes":38675}
@hyperframes/studio dev:container: 
@hyperframes/studio dev:container:   VITE v6.4.2  ready in 920 ms
@hyperframes/studio dev:container: 
@hyperframes/studio dev:container:   ➜  Local:   http://localhost:5190/
@hyperframes/studio dev:container:   ➜  Network: http://192.168.112.3:5190/
@hyperframes/studio dev:container: [INFO] [Render] Pipeline started {"renderJobId":"414ef0d1-a90b-4cb5-99c8-9848e17d1a79","platform":"linux","arch":"x64","nodeVersion":"v24.3.0","fps":{"num":30,"den":1},"format":"mp4","quality":"standard","browserGpuMode":"software","forceScreenshot":true,"protocolTimeout":300000,"browserTimeout":120000,"pageNavigationTimeout":60000,"playerReadyTimeout":45000}
@hyperframes/studio dev:container: [INFO] [Render:trace] {"renderJobId":"414ef0d1-a90b-4cb5-99c8-9848e17d1a79","phase":"pipeline","status":"checkpoint","elapsedMs":5,"message":"started","format":"mp4","quality":"standard","browserGpuMode":"software","forceScreenshot":true,"protocolTimeoutMs":300000,"pageNavigationTimeoutMs":60000,"playerReadyTimeoutMs":45000,"requestedWorkers":1}
@hyperframes/studio dev:container: [INFO] [Render:trace] {"renderJobId":"414ef0d1-a90b-4cb5-99c8-9848e17d1a79","phase":"compile","status":"start","elapsedMs":5,"needsAlpha":false}
@hyperframes/studio dev:container: [INFO] [Compiler:checkpoint] entry {"renderJobId":"414ef0d1-a90b-4cb5-99c8-9848e17d1a79"}
@hyperframes/studio dev:container: [INFO] [Compiler:checkpoint] subcomposition-preflight {"renderJobId":"414ef0d1-a90b-4cb5-99c8-9848e17d1a79"}
@hyperframes/studio dev:container: [INFO] [Compiler:checkpoint] subcomposition-compile {"renderJobId":"414ef0d1-a90b-4cb5-99c8-9848e17d1a79"}
@hyperframes/studio dev:container: [INFO] [Compiler:checkpoint] normalized-fonts {"renderJobId":"414ef0d1-a90b-4cb5-99c8-9848e17d1a79"}
@hyperframes/studio dev:container: [INFO] [Compiler] Injected deterministic @font-face rules for 2 requested font families
@hyperframes/studio dev:container: [INFO] [Compiler:checkpoint] resolved-fonts {"renderJobId":"414ef0d1-a90b-4cb5-99c8-9848e17d1a79"}
@hyperframes/studio dev:container: [INFO] [Compiler:checkpoint] external-scripts {"renderJobId":"414ef0d1-a90b-4cb5-99c8-9848e17d1a79"}
@hyperframes/studio dev:container: [INFO] [Compiler:checkpoint] embedded-assets {"renderJobId":"414ef0d1-a90b-4cb5-99c8-9848e17d1a79"}
@hyperframes/studio dev:container: [INFO] Compiled composition metadata {"renderJobId":"414ef0d1-a90b-4cb5-99c8-9848e17d1a79","entryFile":"index.html","staticDuration":25,"width":1280,"height":720,"videoCount":0,"audioCount":0,"renderModeHints":{"recommendScreenshot":false,"reasons":[]}}
@hyperframes/studio dev:container: [INFO] [Render:trace] {"renderJobId":"414ef0d1-a90b-4cb5-99c8-9848e17d1a79","phase":"compile","status":"end","elapsedMs":16123,"durationMs":16118,"needsAlpha":false}
@hyperframes/studio dev:container: [INFO] [Render:trace] {"renderJobId":"414ef0d1-a90b-4cb5-99c8-9848e17d1a79","phase":"compile","status":"checkpoint","elapsedMs":16124,"message":"composition metadata resolved","width":1280,"height":720,"videoCount":0,"audioCount":0,"imageCount":0,"deviceScaleFactor":1,"forceScreenshot":true,"compositionHash":"402621bb709ffd06"}
@hyperframes/studio dev:container: [INFO] [Render:trace] {"renderJobId":"414ef0d1-a90b-4cb5-99c8-9848e17d1a79","phase":"browser_probe","status":"start","elapsedMs":16124,"forceScreenshot":true,"stagePhase":"calibrating"}
@hyperframes/studio dev:container: [INFO] [Render:trace] {"renderJobId":"414ef0d1-a90b-4cb5-99c8-9848e17d1a79","phase":"browser_probe","status":"end","elapsedMs":16140,"durationMs":16,"forceScreenshot":true,"stagePhase":"calibrating"}
@hyperframes/studio dev:container: [INFO] [Render:trace] {"renderJobId":"414ef0d1-a90b-4cb5-99c8-9848e17d1a79","phase":"browser_probe","status":"checkpoint","elapsedMs":16140,"message":"duration resolved","durationSeconds":25,"totalFrames":750,"compositionHash":"402621bb709ffd06","beginFrameStalled":false}
@hyperframes/studio dev:container: [INFO] [Render:trace] {"renderJobId":"414ef0d1-a90b-4cb5-99c8-9848e17d1a79","phase":"video_extract","status":"start","elapsedMs":16140,"videoCount":0}
@hyperframes/studio dev:container: [INFO] [Render:trace] {"renderJobId":"414ef0d1-a90b-4cb5-99c8-9848e17d1a79","phase":"video_extract","status":"end","elapsedMs":16141,"durationMs":1,"videoCount":0}
@hyperframes/studio dev:container: [INFO] [Render:trace] {"renderJobId":"414ef0d1-a90b-4cb5-99c8-9848e17d1a79","phase":"video_extract","status":"checkpoint","elapsedMs":16143,"message":"frames resolved","videoCount":0,"extractedVideoCount":0,"totalFramesExtracted":0,"maxFramesPerVideo":0,"avgFramesPerExtractedVideo":null,"vfrPreflightCount":null,"vfrPreflightMs":null,"cacheHits":null,"cacheMisses":null,"transientRetries":null,"minVideoFrameCoverageRatio":null,"authoredTimedClipCount":11}
@hyperframes/studio dev:container: [INFO] [Render] No HDR sources detected — rendering SDR {"renderJobId":"414ef0d1-a90b-4cb5-99c8-9848e17d1a79"}
@hyperframes/studio dev:container: [INFO] [Render:trace] {"renderJobId":"414ef0d1-a90b-4cb5-99c8-9848e17d1a79","phase":"hdr_detection","status":"checkpoint","elapsedMs":16143,"message":"resolved","requestedHdrMode":"auto","effectiveHdr":"sdr","nativeHdrVideoCount":0,"nativeHdrImageCount":0}
@hyperframes/studio dev:container: [INFO] [Render:trace] {"renderJobId":"414ef0d1-a90b-4cb5-99c8-9848e17d1a79","phase":"audio_process","status":"start","elapsedMs":16143,"audioCount":0}
@hyperframes/studio dev:container: [INFO] [Render:trace] {"renderJobId":"414ef0d1-a90b-4cb5-99c8-9848e17d1a79","phase":"audio_process","status":"end","elapsedMs":16144,"durationMs":1,"audioCount":0}
@hyperframes/studio dev:container: [INFO] [Render:trace] {"renderJobId":"414ef0d1-a90b-4cb5-99c8-9848e17d1a79","phase":"file_server","status":"start","elapsedMs":16144,"reused":false}
@hyperframes/studio dev:container: [INFO] [Render:trace] {"renderJobId":"414ef0d1-a90b-4cb5-99c8-9848e17d1a79","phase":"file_server","status":"end","elapsedMs":16164,"durationMs":20}
@hyperframes/studio dev:container: [INFO] [Render:trace] {"renderJobId":"414ef0d1-a90b-4cb5-99c8-9848e17d1a79","phase":"capture_calibration","status":"checkpoint","elapsedMs":16165,"message":"skipped","requestedWorkers":1,"totalFrames":750,"htmlInCanvasDetected":false,"lowMemoryMode":false,"deInversionEligible":false,"deParallelRouterEligible":false}
@hyperframes/studio dev:container: [INFO] [Render:trace] {"renderJobId":"414ef0d1-a90b-4cb5-99c8-9848e17d1a79","phase":"worker_resolution","status":"checkpoint","elapsedMs":16218,"message":"resolved","workerCount":1}
@hyperframes/studio dev:container: [INFO] streaming-encode gate {"renderJobId":"414ef0d1-a90b-4cb5-99c8-9848e17d1a79","enabled":true,"configFlag":true,"outputFormat":"mp4","workerCount":1,"durationSeconds":25,"maxDurationSeconds":240}
@hyperframes/studio dev:container: [INFO] [Render:trace] {"renderJobId":"414ef0d1-a90b-4cb5-99c8-9848e17d1a79","phase":"capture_strategy","status":"checkpoint","elapsedMs":16218,"message":"resolved","workerCount":1,"forceScreenshot":true,"captureBeyondViewport":null,"useStreamingEncode":true,"useLayeredComposite":false,"usePageSideCompositing":false,"hasHdrContent":false,"hasShaderTransitions":false,"isPngSequence":false}
@hyperframes/studio dev:container: [INFO] [Render:trace] {"renderJobId":"414ef0d1-a90b-4cb5-99c8-9848e17d1a79","phase":"capture_streaming","status":"start","elapsedMs":16218,"stagePhase":"capturing","workerCount":1,"forceScreenshot":true,"totalFrames":750,"framesCompleted":0,"captureMode":"screenshot","captureOperation":"captureScreenshot"}
@hyperframes/studio dev:container: [BrowserManager] Browser launched (HeadlessChrome/148.0.7778.167, screenshot, gl=--use-gl=angle --use-angle=swiftshader, headlessShell=true, platform=linux)
@hyperframes/studio dev:container: [initSession:screenshot] page.goto start (0ms)
@hyperframes/studio dev:container: [HyperFrames] render runtime fps [object Object]
@hyperframes/studio dev:container: [initSession:screenshot] page.goto complete (248ms)
@hyperframes/studio dev:container: [initSession:screenshot] GSAP proxy flush complete (250ms)
@hyperframes/studio dev:container: [initSession:screenshot] pollHfReady complete (251ms)
@hyperframes/studio dev:container: [initSession:screenshot] pollSubCompositionTimelines complete (ready) (254ms)
@hyperframes/studio dev:container: [initSession:screenshot] applyVideoMetadataHints complete (254ms)
@hyperframes/studio dev:container: [initSession:screenshot] media + fonts + tailwind ready (257ms)
@hyperframes/studio dev:container: [initSession:screenshot] static-frame dedup: disabled (eligible) (269ms)
@hyperframes/studio dev:container: [INFO] [Render:trace] {"renderJobId":"414ef0d1-a90b-4cb5-99c8-9848e17d1a79","phase":"capture_streaming","status":"checkpoint","elapsedMs":46219,"message":"stage still running","stagePhase":"capturing","workerCount":1,"forceScreenshot":true,"totalFrames":750,"framesCompleted":578,"captureMode":"screenshot","captureOperation":"captureScreenshot","heartbeatIndex":1,"stageElapsedMs":30001}
@hyperframes/studio dev:container: [INFO] [Render:trace] {"renderJobId":"414ef0d1-a90b-4cb5-99c8-9848e17d1a79","phase":"capture_streaming","status":"end","elapsedMs":54888,"durationMs":38670,"stagePhase":"capturing","workerCount":1,"forceScreenshot":true,"totalFrames":750,"framesCompleted":750,"captureMode":"screenshot","captureOperation":"encode"}
@hyperframes/studio dev:container: [INFO] [Render:trace] {"renderJobId":"414ef0d1-a90b-4cb5-99c8-9848e17d1a79","phase":"assemble","status":"start","elapsedMs":54889,"stagePhase":"capturing","hasAudio":false,"workerCount":1,"forceScreenshot":true,"totalFrames":750,"framesCompleted":750,"captureMode":"screenshot","captureOperation":"encode"}
@hyperframes/studio dev:container: [INFO] [Render:trace] {"renderJobId":"414ef0d1-a90b-4cb5-99c8-9848e17d1a79","phase":"assemble","status":"end","elapsedMs":54938,"durationMs":49,"stagePhase":"capturing","hasAudio":false,"workerCount":1,"forceScreenshot":true,"totalFrames":750,"framesCompleted":750,"captureMode":"screenshot","captureOperation":"encode"}
@hyperframes/studio dev:container: [INFO] [Render:trace] {"renderJobId":"414ef0d1-a90b-4cb5-99c8-9848e17d1a79","phase":"pipeline","status":"checkpoint","elapsedMs":54989,"message":"artifact validated","totalElapsedMs":54989}
@hyperframes/studio dev:container: [INFO] [Render] Pipeline started {"renderJobId":"33b95a1e-5c54-430a-8628-646120e22c6f","platform":"linux","arch":"x64","nodeVersion":"v24.3.0","fps":{"num":30,"den":1},"format":"mp4","quality":"standard","browserGpuMode":"software","forceScreenshot":true,"protocolTimeout":300000,"browserTimeout":120000,"pageNavigationTimeout":60000,"playerReadyTimeout":45000}
@hyperframes/studio dev:container: [INFO] [Render:trace] {"renderJobId":"33b95a1e-5c54-430a-8628-646120e22c6f","phase":"pipeline","status":"checkpoint","elapsedMs":0,"message":"started","format":"mp4","quality":"standard","browserGpuMode":"software","forceScreenshot":true,"protocolTimeoutMs":300000,"pageNavigationTimeoutMs":60000,"playerReadyTimeoutMs":45000,"requestedWorkers":1}
@hyperframes/studio dev:container: [INFO] [Render:trace] {"renderJobId":"33b95a1e-5c54-430a-8628-646120e22c6f","phase":"compile","status":"start","elapsedMs":0,"needsAlpha":false}
@hyperframes/studio dev:container: [INFO] [Compiler:checkpoint] entry {"renderJobId":"33b95a1e-5c54-430a-8628-646120e22c6f"}
@hyperframes/studio dev:container: [INFO] [Compiler:checkpoint] subcomposition-preflight {"renderJobId":"33b95a1e-5c54-430a-8628-646120e22c6f"}
@hyperframes/studio dev:container: [INFO] [Compiler:checkpoint] subcomposition-compile {"renderJobId":"33b95a1e-5c54-430a-8628-646120e22c6f"}
@hyperframes/studio dev:container: [INFO] [Compiler:checkpoint] normalized-fonts {"renderJobId":"33b95a1e-5c54-430a-8628-646120e22c6f"}
@hyperframes/studio dev:container: [INFO] [Compiler] Injected deterministic @font-face rules for 2 requested font families
@hyperframes/studio dev:container: [INFO] [Compiler:checkpoint] resolved-fonts {"renderJobId":"33b95a1e-5c54-430a-8628-646120e22c6f"}
@hyperframes/studio dev:container: [INFO] [Compiler:checkpoint] external-scripts {"renderJobId":"33b95a1e-5c54-430a-8628-646120e22c6f"}
@hyperframes/studio dev:container: [INFO] [Compiler:checkpoint] embedded-assets {"renderJobId":"33b95a1e-5c54-430a-8628-646120e22c6f"}
@hyperframes/studio dev:container: [INFO] Compiled composition metadata {"renderJobId":"33b95a1e-5c54-430a-8628-646120e22c6f","entryFile":"index.html","staticDuration":25,"width":1280,"height":720,"videoCount":0,"audioCount":0,"renderModeHints":{"recommendScreenshot":false,"reasons":[]}}
@hyperframes/studio dev:container: [INFO] [Render:trace] {"renderJobId":"33b95a1e-5c54-430a-8628-646120e22c6f","phase":"compile","status":"end","elapsedMs":16046,"durationMs":16046,"needsAlpha":false}
@hyperframes/studio dev:container: [INFO] [Render:trace] {"renderJobId":"33b95a1e-5c54-430a-8628-646120e22c6f","phase":"compile","status":"checkpoint","elapsedMs":16047,"message":"composition metadata resolved","width":1280,"height":720,"videoCount":0,"audioCount":0,"imageCount":0,"deviceScaleFactor":1,"forceScreenshot":true,"compositionHash":"8e21e754e914eef4"}
@hyperframes/studio dev:container: [INFO] [Render:trace] {"renderJobId":"33b95a1e-5c54-430a-8628-646120e22c6f","phase":"browser_probe","status":"start","elapsedMs":16047,"forceScreenshot":true,"stagePhase":"calibrating"}
@hyperframes/studio dev:container: [INFO] [Render:trace] {"renderJobId":"33b95a1e-5c54-430a-8628-646120e22c6f","phase":"browser_probe","status":"end","elapsedMs":16053,"durationMs":6,"forceScreenshot":true,"stagePhase":"calibrating"}
@hyperframes/studio dev:container: [INFO] [Render:trace] {"renderJobId":"33b95a1e-5c54-430a-8628-646120e22c6f","phase":"browser_probe","status":"checkpoint","elapsedMs":16053,"message":"duration resolved","durationSeconds":25,"totalFrames":750,"compositionHash":"8e21e754e914eef4","beginFrameStalled":false}
@hyperframes/studio dev:container: [INFO] [Render:trace] {"renderJobId":"33b95a1e-5c54-430a-8628-646120e22c6f","phase":"video_extract","status":"start","elapsedMs":16053,"videoCount":0}
@hyperframes/studio dev:container: [INFO] [Render:trace] {"renderJobId":"33b95a1e-5c54-430a-8628-646120e22c6f","phase":"video_extract","status":"end","elapsedMs":16053,"durationMs":0,"videoCount":0}
@hyperframes/studio dev:container: [INFO] [Render:trace] {"renderJobId":"33b95a1e-5c54-430a-8628-646120e22c6f","phase":"video_extract","status":"checkpoint","elapsedMs":16054,"message":"frames resolved","videoCount":0,"extractedVideoCount":0,"totalFramesExtracted":0,"maxFramesPerVideo":0,"avgFramesPerExtractedVideo":null,"vfrPreflightCount":null,"vfrPreflightMs":null,"cacheHits":null,"cacheMisses":null,"transientRetries":null,"minVideoFrameCoverageRatio":null,"authoredTimedClipCount":9}
@hyperframes/studio dev:container: [INFO] [Render] No HDR sources detected — rendering SDR {"renderJobId":"33b95a1e-5c54-430a-8628-646120e22c6f"}
@hyperframes/studio dev:container: [INFO] [Render:trace] {"renderJobId":"33b95a1e-5c54-430a-8628-646120e22c6f","phase":"hdr_detection","status":"checkpoint","elapsedMs":16054,"message":"resolved","requestedHdrMode":"auto","effectiveHdr":"sdr","nativeHdrVideoCount":0,"nativeHdrImageCount":0}
@hyperframes/studio dev:container: [INFO] [Render:trace] {"renderJobId":"33b95a1e-5c54-430a-8628-646120e22c6f","phase":"audio_process","status":"start","elapsedMs":16054,"audioCount":0}
@hyperframes/studio dev:container: [INFO] [Render:trace] {"renderJobId":"33b95a1e-5c54-430a-8628-646120e22c6f","phase":"audio_process","status":"end","elapsedMs":16054,"durationMs":0,"audioCount":0}
@hyperframes/studio dev:container: [INFO] [Render:trace] {"renderJobId":"33b95a1e-5c54-430a-8628-646120e22c6f","phase":"file_server","status":"start","elapsedMs":16054,"reused":false}
@hyperframes/studio dev:container: [INFO] [Render:trace] {"renderJobId":"33b95a1e-5c54-430a-8628-646120e22c6f","phase":"file_server","status":"end","elapsedMs":16074,"durationMs":20}
@hyperframes/studio dev:container: [INFO] [Render:trace] {"renderJobId":"33b95a1e-5c54-430a-8628-646120e22c6f","phase":"capture_calibration","status":"checkpoint","elapsedMs":16074,"message":"skipped","requestedWorkers":1,"totalFrames":750,"htmlInCanvasDetected":false,"lowMemoryMode":false,"deInversionEligible":false,"deParallelRouterEligible":false}
@hyperframes/studio dev:container: [INFO] [Render:trace] {"renderJobId":"33b95a1e-5c54-430a-8628-646120e22c6f","phase":"worker_resolution","status":"checkpoint","elapsedMs":16129,"message":"resolved","workerCount":1}
@hyperframes/studio dev:container: [INFO] streaming-encode gate {"renderJobId":"33b95a1e-5c54-430a-8628-646120e22c6f","enabled":true,"configFlag":true,"outputFormat":"mp4","workerCount":1,"durationSeconds":25,"maxDurationSeconds":240}
@hyperframes/studio dev:container: [INFO] [Render:trace] {"renderJobId":"33b95a1e-5c54-430a-8628-646120e22c6f","phase":"capture_strategy","status":"checkpoint","elapsedMs":16130,"message":"resolved","workerCount":1,"forceScreenshot":true,"captureBeyondViewport":null,"useStreamingEncode":true,"useLayeredComposite":false,"usePageSideCompositing":false,"hasHdrContent":false,"hasShaderTransitions":false,"isPngSequence":false}
@hyperframes/studio dev:container: [INFO] [Render:trace] {"renderJobId":"33b95a1e-5c54-430a-8628-646120e22c6f","phase":"capture_streaming","status":"start","elapsedMs":16130,"stagePhase":"capturing","workerCount":1,"forceScreenshot":true,"totalFrames":750,"framesCompleted":0,"captureMode":"screenshot","captureOperation":"captureScreenshot"}
@hyperframes/studio dev:container: [BrowserManager] Browser launched (HeadlessChrome/148.0.7778.167, screenshot, gl=--use-gl=angle --use-angle=swiftshader, headlessShell=true, platform=linux)
@hyperframes/studio dev:container: [initSession:screenshot] page.goto start (0ms)
@hyperframes/studio dev:container: [HyperFrames] render runtime fps [object Object]
@hyperframes/studio dev:container: [initSession:screenshot] page.goto complete (178ms)
@hyperframes/studio dev:container: [initSession:screenshot] GSAP proxy flush complete (181ms)
@hyperframes/studio dev:container: [initSession:screenshot] pollHfReady complete (182ms)
@hyperframes/studio dev:container: [initSession:screenshot] pollSubCompositionTimelines complete (ready) (187ms)
@hyperframes/studio dev:container: [initSession:screenshot] applyVideoMetadataHints complete (187ms)
@hyperframes/studio dev:container: [initSession:screenshot] media + fonts + tailwind ready (189ms)
@hyperframes/studio dev:container: [initSession:screenshot] static-frame dedup: disabled (eligible) (193ms)
@hyperframes/studio dev:container: [INFO] [Render:trace] {"renderJobId":"33b95a1e-5c54-430a-8628-646120e22c6f","phase":"capture_streaming","status":"checkpoint","elapsedMs":46130,"message":"stage still running","stagePhase":"capturing","workerCount":1,"forceScreenshot":true,"totalFrames":750,"framesCompleted":605,"captureMode":"screenshot","captureOperation":"captureScreenshot","heartbeatIndex":1,"stageElapsedMs":30000}
@hyperframes/studio dev:container: [INFO] [Render:trace] {"renderJobId":"33b95a1e-5c54-430a-8628-646120e22c6f","phase":"capture_streaming","status":"end","elapsedMs":53437,"durationMs":37307,"stagePhase":"capturing","workerCount":1,"forceScreenshot":true,"totalFrames":750,"framesCompleted":750,"captureMode":"screenshot","captureOperation":"encode"}
@hyperframes/studio dev:container: [INFO] [Render:trace] {"renderJobId":"33b95a1e-5c54-430a-8628-646120e22c6f","phase":"assemble","status":"start","elapsedMs":53437,"stagePhase":"capturing","hasAudio":false,"workerCount":1,"forceScreenshot":true,"totalFrames":750,"framesCompleted":750,"captureMode":"screenshot","captureOperation":"encode"}
@hyperframes/studio dev:container: [INFO] [Render:trace] {"renderJobId":"33b95a1e-5c54-430a-8628-646120e22c6f","phase":"assemble","status":"end","elapsedMs":53490,"durationMs":52,"stagePhase":"capturing","hasAudio":false,"workerCount":1,"forceScreenshot":true,"totalFrames":750,"framesCompleted":750,"captureMode":"screenshot","captureOperation":"encode"}
@hyperframes/studio dev:container: [INFO] [Render:trace] {"renderJobId":"33b95a1e-5c54-430a-8628-646120e22c6f","phase":"pipeline","status":"checkpoint","elapsedMs":53537,"message":"artifact validated","totalElapsedMs":53536}
@hyperframes/studio dev:container: [INFO] [Render] Pipeline started {"renderJobId":"880a190a-7dc1-48f8-bda4-0041ee7c874e","platform":"linux","arch":"x64","nodeVersion":"v24.3.0","fps":{"num":30,"den":1},"format":"mp4","quality":"standard","browserGpuMode":"software","forceScreenshot":true,"protocolTimeout":300000,"browserTimeout":120000,"pageNavigationTimeout":60000,"playerReadyTimeout":45000}
@hyperframes/studio dev:container: [INFO] [Render:trace] {"renderJobId":"880a190a-7dc1-48f8-bda4-0041ee7c874e","phase":"pipeline","status":"checkpoint","elapsedMs":1,"message":"started","format":"mp4","quality":"standard","browserGpuMode":"software","forceScreenshot":true,"protocolTimeoutMs":300000,"pageNavigationTimeoutMs":60000,"playerReadyTimeoutMs":45000,"requestedWorkers":1}
@hyperframes/studio dev:container: [INFO] [Render:trace] {"renderJobId":"880a190a-7dc1-48f8-bda4-0041ee7c874e","phase":"compile","status":"start","elapsedMs":1,"needsAlpha":false}
@hyperframes/studio dev:container: [INFO] [Compiler:checkpoint] entry {"renderJobId":"880a190a-7dc1-48f8-bda4-0041ee7c874e"}
@hyperframes/studio dev:container: [INFO] [Compiler:checkpoint] subcomposition-preflight {"renderJobId":"880a190a-7dc1-48f8-bda4-0041ee7c874e"}
@hyperframes/studio dev:container: [INFO] [Compiler:checkpoint] subcomposition-compile {"renderJobId":"880a190a-7dc1-48f8-bda4-0041ee7c874e"}
@hyperframes/studio dev:container: [INFO] [Compiler:checkpoint] normalized-fonts {"renderJobId":"880a190a-7dc1-48f8-bda4-0041ee7c874e"}
@hyperframes/studio dev:container: [INFO] [Compiler] Injected deterministic @font-face rules for 2 requested font families
@hyperframes/studio dev:container: [INFO] [Compiler:checkpoint] resolved-fonts {"renderJobId":"880a190a-7dc1-48f8-bda4-0041ee7c874e"}
@hyperframes/studio dev:container: [INFO] [Compiler:checkpoint] external-scripts {"renderJobId":"880a190a-7dc1-48f8-bda4-0041ee7c874e"}
@hyperframes/studio dev:container: [INFO] [Compiler:checkpoint] embedded-assets {"renderJobId":"880a190a-7dc1-48f8-bda4-0041ee7c874e"}
@hyperframes/studio dev:container: [INFO] Compiled composition metadata {"renderJobId":"880a190a-7dc1-48f8-bda4-0041ee7c874e","entryFile":"index.html","staticDuration":25,"width":1280,"height":720,"videoCount":0,"audioCount":0,"renderModeHints":{"recommendScreenshot":false,"reasons":[]}}
@hyperframes/studio dev:container: [INFO] [Render:trace] {"renderJobId":"880a190a-7dc1-48f8-bda4-0041ee7c874e","phase":"compile","status":"end","elapsedMs":16101,"durationMs":16100,"needsAlpha":false}
@hyperframes/studio dev:container: [INFO] [Render:trace] {"renderJobId":"880a190a-7dc1-48f8-bda4-0041ee7c874e","phase":"compile","status":"checkpoint","elapsedMs":16102,"message":"composition metadata resolved","width":1280,"height":720,"videoCount":0,"audioCount":0,"imageCount":0,"deviceScaleFactor":1,"forceScreenshot":true,"compositionHash":"94ecd1100574bc9b"}
@hyperframes/studio dev:container: [INFO] [Render:trace] {"renderJobId":"880a190a-7dc1-48f8-bda4-0041ee7c874e","phase":"browser_probe","status":"start","elapsedMs":16102,"forceScreenshot":true,"stagePhase":"calibrating"}
@hyperframes/studio dev:container: [INFO] [Render:trace] {"renderJobId":"880a190a-7dc1-48f8-bda4-0041ee7c874e","phase":"browser_probe","status":"end","elapsedMs":16111,"durationMs":9,"forceScreenshot":true,"stagePhase":"calibrating"}
@hyperframes/studio dev:container: [INFO] [Render:trace] {"renderJobId":"880a190a-7dc1-48f8-bda4-0041ee7c874e","phase":"browser_probe","status":"checkpoint","elapsedMs":16111,"message":"duration resolved","durationSeconds":25,"totalFrames":750,"compositionHash":"94ecd1100574bc9b","beginFrameStalled":false}
@hyperframes/studio dev:container: [INFO] [Render:trace] {"renderJobId":"880a190a-7dc1-48f8-bda4-0041ee7c874e","phase":"video_extract","status":"start","elapsedMs":16111,"videoCount":0}
@hyperframes/studio dev:container: [INFO] [Render:trace] {"renderJobId":"880a190a-7dc1-48f8-bda4-0041ee7c874e","phase":"video_extract","status":"end","elapsedMs":16111,"durationMs":0,"videoCount":0}
@hyperframes/studio dev:container: [INFO] [Render:trace] {"renderJobId":"880a190a-7dc1-48f8-bda4-0041ee7c874e","phase":"video_extract","status":"checkpoint","elapsedMs":16113,"message":"frames resolved","videoCount":0,"extractedVideoCount":0,"totalFramesExtracted":0,"maxFramesPerVideo":0,"avgFramesPerExtractedVideo":null,"vfrPreflightCount":null,"vfrPreflightMs":null,"cacheHits":null,"cacheMisses":null,"transientRetries":null,"minVideoFrameCoverageRatio":null,"authoredTimedClipCount":11}
@hyperframes/studio dev:container: [INFO] [Render] No HDR sources detected — rendering SDR {"renderJobId":"880a190a-7dc1-48f8-bda4-0041ee7c874e"}
@hyperframes/studio dev:container: [INFO] [Render:trace] {"renderJobId":"880a190a-7dc1-48f8-bda4-0041ee7c874e","phase":"hdr_detection","status":"checkpoint","elapsedMs":16113,"message":"resolved","requestedHdrMode":"auto","effectiveHdr":"sdr","nativeHdrVideoCount":0,"nativeHdrImageCount":0}
@hyperframes/studio dev:container: [INFO] [Render:trace] {"renderJobId":"880a190a-7dc1-48f8-bda4-0041ee7c874e","phase":"audio_process","status":"start","elapsedMs":16114,"audioCount":0}
@hyperframes/studio dev:container: [INFO] [Render:trace] {"renderJobId":"880a190a-7dc1-48f8-bda4-0041ee7c874e","phase":"audio_process","status":"end","elapsedMs":16114,"durationMs":0,"audioCount":0}
@hyperframes/studio dev:container: [INFO] [Render:trace] {"renderJobId":"880a190a-7dc1-48f8-bda4-0041ee7c874e","phase":"file_server","status":"start","elapsedMs":16114,"reused":false}
@hyperframes/studio dev:container: [INFO] [Render:trace] {"renderJobId":"880a190a-7dc1-48f8-bda4-0041ee7c874e","phase":"file_server","status":"end","elapsedMs":16141,"durationMs":27}
@hyperframes/studio dev:container: [INFO] [Render:trace] {"renderJobId":"880a190a-7dc1-48f8-bda4-0041ee7c874e","phase":"capture_calibration","status":"checkpoint","elapsedMs":16142,"message":"skipped","requestedWorkers":1,"totalFrames":750,"htmlInCanvasDetected":false,"lowMemoryMode":false,"deInversionEligible":false,"deParallelRouterEligible":false}
@hyperframes/studio dev:container: [INFO] [Render:trace] {"renderJobId":"880a190a-7dc1-48f8-bda4-0041ee7c874e","phase":"worker_resolution","status":"checkpoint","elapsedMs":16195,"message":"resolved","workerCount":1}
@hyperframes/studio dev:container: [INFO] streaming-encode gate {"renderJobId":"880a190a-7dc1-48f8-bda4-0041ee7c874e","enabled":true,"configFlag":true,"outputFormat":"mp4","workerCount":1,"durationSeconds":25,"maxDurationSeconds":240}
@hyperframes/studio dev:container: [INFO] [Render:trace] {"renderJobId":"880a190a-7dc1-48f8-bda4-0041ee7c874e","phase":"capture_strategy","status":"checkpoint","elapsedMs":16195,"message":"resolved","workerCount":1,"forceScreenshot":true,"captureBeyondViewport":null,"useStreamingEncode":true,"useLayeredComposite":false,"usePageSideCompositing":false,"hasHdrContent":false,"hasShaderTransitions":false,"isPngSequence":false}
@hyperframes/studio dev:container: [INFO] [Render:trace] {"renderJobId":"880a190a-7dc1-48f8-bda4-0041ee7c874e","phase":"capture_streaming","status":"start","elapsedMs":16195,"stagePhase":"capturing","workerCount":1,"forceScreenshot":true,"totalFrames":750,"framesCompleted":0,"captureMode":"screenshot","captureOperation":"captureScreenshot"}
@hyperframes/studio dev:container: [BrowserManager] Browser launched (HeadlessChrome/148.0.7778.167, screenshot, gl=--use-gl=angle --use-angle=swiftshader, headlessShell=true, platform=linux)
@hyperframes/studio dev:container: [initSession:screenshot] page.goto start (0ms)
@hyperframes/studio dev:container: [HyperFrames] render runtime fps [object Object]
@hyperframes/studio dev:container: [initSession:screenshot] page.goto complete (208ms)
@hyperframes/studio dev:container: [initSession:screenshot] GSAP proxy flush complete (210ms)
@hyperframes/studio dev:container: [initSession:screenshot] pollHfReady complete (211ms)
@hyperframes/studio dev:container: [initSession:screenshot] pollSubCompositionTimelines complete (ready) (213ms)
@hyperframes/studio dev:container: [initSession:screenshot] applyVideoMetadataHints complete (213ms)
@hyperframes/studio dev:container: [initSession:screenshot] media + fonts + tailwind ready (214ms)
@hyperframes/studio dev:container: [initSession:screenshot] static-frame dedup: disabled (eligible) (218ms)
@hyperframes/studio dev:container: [INFO] [Render:trace] {"renderJobId":"880a190a-7dc1-48f8-bda4-0041ee7c874e","phase":"capture_streaming","status":"checkpoint","elapsedMs":46198,"message":"stage still running","stagePhase":"capturing","workerCount":1,"forceScreenshot":true,"totalFrames":750,"framesCompleted":566,"captureMode":"screenshot","captureOperation":"captureScreenshot","heartbeatIndex":1,"stageElapsedMs":30003}
@hyperframes/studio dev:container: [INFO] [Render:trace] {"renderJobId":"880a190a-7dc1-48f8-bda4-0041ee7c874e","phase":"capture_streaming","status":"end","elapsedMs":55558,"durationMs":39363,"stagePhase":"capturing","workerCount":1,"forceScreenshot":true,"totalFrames":750,"framesCompleted":750,"captureMode":"screenshot","captureOperation":"encode"}
@hyperframes/studio dev:container: [INFO] [Render:trace] {"renderJobId":"880a190a-7dc1-48f8-bda4-0041ee7c874e","phase":"assemble","status":"start","elapsedMs":55559,"stagePhase":"capturing","hasAudio":false,"workerCount":1,"forceScreenshot":true,"totalFrames":750,"framesCompleted":750,"captureMode":"screenshot","captureOperation":"encode"}
@hyperframes/studio dev:container: [INFO] [Render:trace] {"renderJobId":"880a190a-7dc1-48f8-bda4-0041ee7c874e","phase":"assemble","status":"end","elapsedMs":55611,"durationMs":52,"stagePhase":"capturing","hasAudio":false,"workerCount":1,"forceScreenshot":true,"totalFrames":750,"framesCompleted":750,"captureMode":"screenshot","captureOperation":"encode"}
@hyperframes/studio dev:container: [INFO] [Render:trace] {"renderJobId":"880a190a-7dc1-48f8-bda4-0041ee7c874e","phase":"pipeline","status":"checkpoint","elapsedMs":55665,"message":"artifact validated","totalElapsedMs":55665}
@hyperframes/studio dev:container: [INFO] [Render] Pipeline started {"renderJobId":"a3da4ed3-0904-438d-a646-1287d93b395a","platform":"linux","arch":"x64","nodeVersion":"v24.3.0","fps":{"num":30,"den":1},"format":"mp4","quality":"standard","browserGpuMode":"software","forceScreenshot":true,"protocolTimeout":300000,"browserTimeout":120000,"pageNavigationTimeout":60000,"playerReadyTimeout":45000}
@hyperframes/studio dev:container: [INFO] [Render:trace] {"renderJobId":"a3da4ed3-0904-438d-a646-1287d93b395a","phase":"pipeline","status":"checkpoint","elapsedMs":1,"message":"started","format":"mp4","quality":"standard","browserGpuMode":"software","forceScreenshot":true,"protocolTimeoutMs":300000,"pageNavigationTimeoutMs":60000,"playerReadyTimeoutMs":45000,"requestedWorkers":1}
@hyperframes/studio dev:container: [INFO] [Render:trace] {"renderJobId":"a3da4ed3-0904-438d-a646-1287d93b395a","phase":"compile","status":"start","elapsedMs":1,"needsAlpha":false}
@hyperframes/studio dev:container: [INFO] [Compiler:checkpoint] entry {"renderJobId":"a3da4ed3-0904-438d-a646-1287d93b395a"}
@hyperframes/studio dev:container: [INFO] [Compiler:checkpoint] subcomposition-preflight {"renderJobId":"a3da4ed3-0904-438d-a646-1287d93b395a"}
@hyperframes/studio dev:container: [INFO] [Compiler:checkpoint] subcomposition-compile {"renderJobId":"a3da4ed3-0904-438d-a646-1287d93b395a"}
@hyperframes/studio dev:container: [INFO] [Compiler:checkpoint] normalized-fonts {"renderJobId":"a3da4ed3-0904-438d-a646-1287d93b395a"}
@hyperframes/studio dev:container: [INFO] [Render:trace] {"renderJobId":"a3da4ed3-0904-438d-a646-1287d93b395a","phase":"compile","status":"error","elapsedMs":824,"durationMs":823,"message":"The operation was aborted.","needsAlpha":false}
@hyperframes/studio dev:container: [INFO] [Compiler] Injected deterministic @font-face rules for 2 requested font families
@hyperframes/studio dev:container: [INFO] [Compiler] Injected deterministic @font-face rules for 2 requested font families
@hyperframes/studio dev:container: [INFO] [Compiler] Injected deterministic @font-face rules for 2 requested font families
