 Container v-flow-exais-workspace-run-190f252350c0 Creating 
 Container v-flow-exais-workspace-run-190f252350c0 Created 
$ vitest run --config vitest.acceptance.config.ts

[1m[30m[46m RUN [49m[39m[22m [36mv4.1.11 [39m[90m/workspace[39m

 [32m✓[39m tests/acceptance/AFM-001.test.ts[2m > [22mAFM-001: real source inputs match the pinned baseline[2m > [22marchify folder scan reproduces the baseline tree digest[33m 10241[2mms[22m[39m
 [31m×[39m tests/acceptance/AFM-001.test.ts[2m > [22mAFM-001: real source inputs match the pinned baseline[2m > [22mhyperframes folder scan reproduces the baseline tree digest[33m 167147[2mms[22m[39m
[31m   → Test timed out in 120000ms.
If this is a long-running test, pass a timeout value as the last argument or configure it globally with "testTimeout".[39m
 [32m✓[39m tests/acceptance/AFM-001.test.ts[2m > [22mAFM-001: real source inputs match the pinned baseline[2m > [22mpreserves the HyperFrames symlink as a link, not as its target's content[33m 83955[2mms[22m[39m
 [32m✓[39m tests/acceptance/AFM-001.test.ts[2m > [22mAFM-001: real source inputs match the pinned baseline[2m > [22mreports PASS for both unmodified inputs and mutates nothing[33m 84915[2mms[22m[39m
 [32m✓[39m tests/acceptance/AFM-001.test.ts[2m > [22mAFM-001: root resolution by sentinel, not by name[2m > [22maccepts a renamed folder, and folders with spaces and Unicode[32m 4[2mms[22m[39m
 [32m✓[39m tests/acceptance/AFM-001.test.ts[2m > [22mAFM-001: root resolution by sentinel, not by name[2m > [22mdescends one level into a download wrapper directory[32m 1[2mms[22m[39m
 [32m✓[39m tests/acceptance/AFM-001.test.ts[2m > [22mAFM-001: root resolution by sentinel, not by name[2m > [22mrefuses a folder with no sentinel[32m 1[2mms[22m[39m
 [32m✓[39m tests/acceptance/AFM-001.test.ts[2m > [22mAFM-001: root resolution by sentinel, not by name[2m > [22mrefuses an ambiguous input holding two candidate roots[32m 1[2mms[22m[39m
 [32m✓[39m tests/acceptance/AFM-001.test.ts[2m > [22mAFM-001: root resolution by sentinel, not by name[2m > [22mresolves a Windows-style path[32m 1[2mms[22m[39m
 [32m✓[39m tests/acceptance/AFM-001.test.ts[2m > [22mAFM-001: drift is reported, never absorbed[2m > [22mflags a changed lockfile as drift and refuses to pass[32m 1[2mms[22m[39m
 [32m✓[39m tests/acceptance/AFM-001.test.ts[2m > [22mAFM-001: drift is reported, never absorbed[2m > [22mreports added and removed files separately[32m 0[2mms[22m[39m
 [32m✓[39m tests/acceptance/AFM-001.test.ts[2m > [22mAFM-001: drift is reported, never absorbed[2m > [22mtreats a file replacing a symlink as drift[32m 0[2mms[22m[39m
 [32m✓[39m tests/acceptance/AFM-001.test.ts[2m > [22mAFM-001: drift is reported, never absorbed[2m > [22mflags case collisions even where the filesystem allows them[32m 0[2mms[22m[39m
 [32m✓[39m tests/acceptance/AFM-001.test.ts[2m > [22mAFM-001: drift is reported, never absorbed[2m > [22mexcludes size from the tree digest but not from change detection[32m 0[2mms[22m[39m
 [32m✓[39m tests/acceptance/AFM-001.test.ts[2m > [22mAFM-001: drift is reported, never absorbed[2m > [22morders the tree digest by path, not by discovery order[32m 1[2mms[22m[39m
 [32m✓[39m tests/acceptance/AFM-001.test.ts[2m > [22mAFM-001: destination and output safety[2m > [22mrefuses a source input nested inside the destination without a quarantine[32m 1[2mms[22m[39m
 [32m✓[39m tests/acceptance/AFM-001.test.ts[2m > [22mAFM-001: destination and output safety[2m > [22maccepts it only from the explicitly declared quarantine[32m 1[2mms[22m[39m
 [32m✓[39m tests/acceptance/AFM-001.test.ts[2m > [22mAFM-001: destination and output safety[2m > [22mnever exempts an output repository nested inside a source input[32m 1[2mms[22m[39m
 [32m✓[39m tests/acceptance/AFM-001.test.ts[2m > [22mAFM-001: destination and output safety[2m > [22mrefuses to write its report inside a source input[32m 1[2mms[22m[39m
 [32m✓[39m tests/acceptance/AFM-001.test.ts[2m > [22mAFM-001: destination and output safety[2m > [22mreports a missing input rather than throwing[32m 0[2mms[22m[39m
 [32m✓[39m tests/acceptance/AFM-001.test.ts[2m > [22mAFM-001: archive handling[2m > [22mrecords the archive comment as an unverified revision candidate[32m 2[2mms[22m[39m
 [32m✓[39m tests/acceptance/AFM-001.test.ts[2m > [22mAFM-001: archive handling[2m > [22mreads the real Archify archive to the same digest as the folder[33m 4263[2mms[22m[39m
 [32m✓[39m tests/acceptance/AFM-001.test.ts[2m > [22mAFM-001: archive handling[2m > [22mclassifies a symlink entry by its unix mode[32m 1[2mms[22m[39m
 [32m✓[39m tests/acceptance/AFM-001.test.ts[2m > [22mAFM-001: archive handling[2m > [22mexcludes admin entries from identity comparison[32m 1[2mms[22m[39m
 [32m✓[39m tests/acceptance/AFM-001.test.ts[2m > [22mAFM-001: archive handling[2m > [22mrejects a malformed archive[32m 0[2mms[22m[39m
 [32m✓[39m tests/acceptance/AFM-001.test.ts[2m > [22mAFM-001: archive handling[2m > [22mrejects a truncated central directory[32m 0[2mms[22m[39m
 [32m✓[39m tests/acceptance/AFM-001.test.ts[2m > [22mAFM-001: archive handling[2m > [22mrejects an encrypted entry instead of hashing ciphertext[32m 0[2mms[22m[39m
 [32m✓[39m tests/acceptance/AFM-001.test.ts[2m > [22mAFM-001: archive handling[2m > [22mrejects archive entries that would escape the extraction root[32m 0[2mms[22m[39m
 [32m✓[39m tests/acceptance/AFM-001.test.ts[2m > [22mAFM-001: archive handling[2m > [22mrefuses an archive with no identifiable source root[32m 0[2mms[22m[39m
 [32m✓[39m tests/acceptance/AFM-001.test.ts[2m > [22mAFM-001: inspection performs no side effects[2m > [22mdoes not shell out, clone, install or reach the network[32m 6[2mms[22m[39m
 [32m✓[39m tests/acceptance/AFM-001.test.ts[2m > [22mAFM-001: inspection performs no side effects[2m > [22mopens no write handle on a source input during a scan[32m 1[2mms[22m[39m
 [32m✓[39m tests/acceptance/AFM-006.test.ts[2m > [22mAFM-006: the real imported tree is cross-platform safe[2m > [22mhas no path problem across all 7786 targets[33m 72830[2mms[22m[39m
 [32m✓[39m tests/acceptance/AFM-006.test.ts[2m > [22mAFM-006: the real imported tree is cross-platform safe[2m > [22mresolves no runtime asset from a raw checkout[33m 30768[2mms[22m[39m
 [32m✓[39m tests/acceptance/AFM-006.test.ts[2m > [22mAFM-006: the real imported tree is cross-platform safe[2m > [22mhas no symlink escaping the repository[33m 23302[2mms[22m[39m
error: script "test:acceptance" exited with code 143

