 Container v-flow-exais-workspace-run-73550558459d Creating 
 Container v-flow-exais-workspace-run-73550558459d Created 
$ vitest run --config vitest.acceptance.config.ts "tests/acceptance/AFM-011.test.ts" "tests/acceptance/AFM-011.package.test.ts" "tests/acceptance/AFM-027.test.ts" "tests/acceptance/AFM-099.source.test.ts"

[1m[30m[46m RUN [49m[39m[22m [36mv4.1.11 [39m[90m/workspace[39m

 [32m✓[39m tests/acceptance/AFM-027.test.ts[2m > [22mAFM-027 / AFM-029 callable owned geometry[2m > [22mimports with forbidden argv, filesystem adapters, network and process handlers[32m 154[2mms[22m[39m
 [32m✓[39m tests/acceptance/AFM-027.test.ts[2m > [22mAFM-027 / AFM-029 callable owned geometry[2m > [22mcompiles architecture concurrently without mutation, leaking options or invoking IO[32m 43[2mms[22m[39m
 [32m✓[39m tests/acceptance/AFM-027.test.ts[2m > [22mAFM-027 / AFM-029 callable owned geometry[2m > [22mcompiles workflow concurrently without mutation, leaking options or invoking IO[33m 422[2mms[22m[39m
 [32m✓[39m tests/acceptance/AFM-027.test.ts[2m > [22mAFM-027 / AFM-029 callable owned geometry[2m > [22mcompiles sequence concurrently without mutation, leaking options or invoking IO[32m 15[2mms[22m[39m
 [32m✓[39m tests/acceptance/AFM-027.test.ts[2m > [22mAFM-027 / AFM-029 callable owned geometry[2m > [22mcompiles dataflow concurrently without mutation, leaking options or invoking IO[32m 14[2mms[22m[39m
 [32m✓[39m tests/acceptance/AFM-027.test.ts[2m > [22mAFM-027 / AFM-029 callable owned geometry[2m > [22mcompiles lifecycle concurrently without mutation, leaking options or invoking IO[32m 13[2mms[22m[39m
 [32m✓[39m tests/acceptance/AFM-027.test.ts[2m > [22mAFM-027 / AFM-029 callable owned geometry[2m > [22mreturns the same architecture SVG to the compatibility CLI[32m 296[2mms[22m[39m
 [32m✓[39m tests/acceptance/AFM-027.test.ts[2m > [22mAFM-027 / AFM-029 callable owned geometry[2m > [22mreturns the same workflow SVG to the compatibility CLI[33m 595[2mms[22m[39m
 [32m✓[39m tests/acceptance/AFM-027.test.ts[2m > [22mAFM-027 / AFM-029 callable owned geometry[2m > [22mreturns the same sequence SVG to the compatibility CLI[32m 289[2mms[22m[39m
 [32m✓[39m tests/acceptance/AFM-027.test.ts[2m > [22mAFM-027 / AFM-029 callable owned geometry[2m > [22mreturns the same dataflow SVG to the compatibility CLI[32m 267[2mms[22m[39m
 [32m✓[39m tests/acceptance/AFM-027.test.ts[2m > [22mAFM-027 / AFM-029 callable owned geometry[2m > [22mreturns the same lifecycle SVG to the compatibility CLI[32m 257[2mms[22m[39m
 [32m✓[39m tests/acceptance/AFM-027.test.ts[2m > [22mAFM-027 / AFM-029 callable owned geometry[2m > [22mpreserves deployment branches and explicit parallel relationship identities[32m 12[2mms[22m[39m
 [32m✓[39m tests/acceptance/AFM-027.test.ts[2m > [22mAFM-027 / AFM-029 callable owned geometry[2m > [22mreturns structured failure and leaves the host usable[32m 7[2mms[22m[39m
 [32m✓[39m tests/acceptance/AFM-011.test.ts[2m > [22mAFM-011: assets resolve from package-owned paths[2m > [22mresolves the viewer template through the package export[32m 49[2mms[22m[39m
 [32m✓[39m tests/acceptance/AFM-011.test.ts[2m > [22mAFM-011: assets resolve from package-owned paths[2m > [22mdoes not keep a duplicate template inside the engine[32m 1[2mms[22m[39m
 [32m✓[39m tests/acceptance/AFM-011.test.ts[2m > [22mAFM-011: assets resolve from package-owned paths[2m > [22mresolves a schema and an example for every diagram family[32m 8[2mms[22m[39m
 [32m✓[39m tests/acceptance/AFM-011.test.ts[2m > [22mAFM-011: assets resolve from package-owned paths[2m > [22mexposes every asset root it owns[32m 9[2mms[22m[39m
 [32m✓[39m tests/acceptance/AFM-011.test.ts[2m > [22mAFM-011: assets resolve from package-owned paths[2m > [22mderives the package root from the module, never from cwd[32m 2[2mms[22m[39m
 [32m✓[39m tests/acceptance/AFM-011.test.ts[2m > [22mAFM-011: assets resolve from package-owned paths[2m > [22mno longer resolves assets through an assumed skill root[32m 2[2mms[22m[39m
 [32m✓[39m tests/acceptance/AFM-011.test.ts[2m > [22mAFM-011: the renderers run from an unrelated directory[2m > [22mrenders architecture from a directory whose name contains spaces[33m 392[2mms[22m[39m
 [32m✓[39m tests/acceptance/AFM-011.test.ts[2m > [22mAFM-011: the renderers run from an unrelated directory[2m > [22mrenders all five families from that same unrelated directory[33m 1684[2mms[22m[39m
 [32m✓[39m tests/acceptance/AFM-011.test.ts[2m > [22mAFM-011: the renderers run from an unrelated directory[2m > [22mreports asset paths outside the raw source quarantine[32m 7[2mms[22m[39m
 [32m✓[39m tests/acceptance/AFM-011.test.ts[2m > [22mAFM-011: package exports and packed files are correct[2m > [22mexports the engine entry point and its asset resolver[32m 2[2mms[22m[39m
 [32m✓[39m tests/acceptance/AFM-011.test.ts[2m > [22mAFM-011: package exports and packed files are correct[2m > [22mexports the viewer template as a resolvable subpath[32m 2[2mms[22m[39m
 [32m✓[39m tests/acceptance/AFM-011.test.ts[2m > [22mAFM-011: package exports and packed files are correct[2m > [22mincludes runtime-only asset directories in the packed file list[32m 4[2mms[22m[39m
 [32m✓[39m tests/acceptance/AFM-011.test.ts[2m > [22mAFM-011: package exports and packed files are correct[2m > [22mgives the engine a non-conflicting binary name[32m 1[2mms[22m[39m
 [32m✓[39m tests/acceptance/AFM-011.test.ts[2m > [22mAFM-011: package exports and packed files are correct[2m > [22mnames the engine under the workspace scope[32m 3[2mms[22m[39m
 [32m✓[39m tests/acceptance/AFM-011.package.test.ts[2m > [22mAFM-011: actual installed archives without source-checkout access[2m > [22mdenies reads of the owned checkout and frozen raw inputs[32m 43[2mms[22m[39m
 [32m✓[39m tests/acceptance/AFM-011.package.test.ts[2m > [22mAFM-011: actual installed archives without source-checkout access[2m > [22mrenders all five families using only installed package contents[33m 666[2mms[22m[39m
 [32m✓[39m tests/acceptance/AFM-011.package.test.ts[2m > [22mAFM-011: actual installed archives without source-checkout access[2m > [22mpreserves explicit relationship identities, endpoints and arrow direction[32m 171[2mms[22m[39m
 [32m✓[39m tests/acceptance/AFM-011.package.test.ts[2m > [22mAFM-011: actual installed archives without source-checkout access[2m > [22mfails when the packed viewer template is missing instead of reaching into the checkout[32m 78[2mms[22m[39m
 [32m✓[39m tests/acceptance/AFM-099.source.test.ts[2m > [22minspects a local project, reviews three plans, imports idempotently and builds real mixed compositions[33m 626[2mms[22m[39m

[2m Test Files [22m [1m[32m4 passed[39m[22m[90m (4)[39m
[2m      Tests [22m [1m[32m32 passed[39m[22m[90m (32)[39m
[2m   Start at [22m 04:32:05
[2m   Duration [22m 11.41s[2m (transform 1.68s, setup 0ms, import 2.98s, tests 7.99s, environment 0ms)[22m

