$ bun run packages/cli/src/cli.ts project download --id "batch-824fcd55-f14f-443e-917b-c6d84af00f46" --output /workspace/out/cli-downloads
{
  "batch": {
    "schemaVersion": 1,
    "id": "batch-824fcd55-f14f-443e-917b-c6d84af00f46",
    "createdAt": "2026-09-11T04:37:57.951Z",
    "status": "complete",
    "items": [
      {
        "projectId": "video-0dff94fc-a2bb-4396-b745-450d209eb65c",
        "status": "complete",
        "progress": 100,
        "build": {
          "hash": "d0749c8f587a97b9376978fff8d207535d871c40d38e8ebd80fc0a4dca162789",
          "dir": "/var/lib/vflow/projects/video-0dff94fc-a2bb-4396-b745-450d209eb65c/.vflow/builds/d0749c8f587a97b9376978fff8d207535d871c40d38e8ebd80fc0a4dca162789",
          "revision": 1,
          "projectId": "video-0dff94fc-a2bb-4396-b745-450d209eb65c",
          "receipt": {
            "schemaVersion": 1,
            "projectId": "video-0dff94fc-a2bb-4396-b745-450d209eb65c",
            "revision": 1,
            "durationFrames": 570,
            "output": {
              "fps": {
                "denominator": 1,
                "numerator": 30
              },
              "height": 720,
              "width": 1280
            },
            "engineVersion": "2.17.0-dev.1+afm027.1",
            "motionVersion": "1.0.0",
            "sources": {
              "diagram-0": {
                "sourceHash": "851dbc2733812d76c71c6cd4982f357a48f0ccf184a4804e9fe0a6990777638b",
                "artifactHash": "aa12d01cb987368da8661750c3f3fcfd9ceaa854f43a47d0969f229dfcdf7db6"
              },
              "diagram-1": {
                "sourceHash": "9e95682e8b8a6d1fe75acfef43bb2cc1a18b284f3769a5960f60b1d61273043d",
                "artifactHash": "e0f0ccd20360f1b62a65fb248a86a1706cc59accf88f4f920569ec407eaca925"
              },
              "diagram-2": {
                "sourceHash": "55c0ac6ba823315a64948503736015951b8a0da69a36eb8681756d73ecdaa4b5",
                "artifactHash": "846e538c8548c7be0d66d44e263604912a0b15cbfb807fe637900eef1e329051"
              }
            },
            "sceneIds": [
              "title-scene",
              "chapter-0",
              "chapter-1",
              "chapter-2"
            ],
            "authoringHash": "09718740fb044458f703b563c7b66fbc6a292cfaaf165a67b651ab6b2277e4aa",
            "files": {
              "scene-0-title-scene.html": "1dd937b3c7f81ddb407a3a661f2c816045683f1a4a74399891557af0321948b3",
              "scene-1-chapter-0.html": "f8d209a1a69bb71b1c18ed237b76f28b467257c9216bd63b85b348676450d892",
              "scene-2-chapter-1.html": "3b91178c7a0936de30da20a2d295ae88b80db85a01874e179290510188fffc88",
              "scene-3-chapter-2.html": "6ccd471cb2d54d0484d728a528864b778327dea1e438247f6ae1fba060317d8b",
              "index.html": "2ec25a149804fd74bbd89207e47b4dbc1b12e53b58fbc14db8a949e6318b8da9",
              "ledger.json": "d1f89bdc179ca1a384f1b50abbcc6a0932fff3e1fc9a0e20333d290e1b644f91",
              "assets/gsap.min.js": "92bb9a96476f983d212a2bc4f54c889039c1696dd4461d40a736860938570fbb"
            },
            "buildHash": "d0749c8f587a97b9376978fff8d207535d871c40d38e8ebd80fc0a4dca162789"
          }
        },
        "outputPath": "/var/lib/vflow/projects/video-0dff94fc-a2bb-4396-b745-450d209eb65c/.vflow/renders/d0749c8f587a97b9376978fff8d207535d871c40d38e8ebd80fc0a4dca162789/6c2b6cb5-d501-4d63-943b-348594341de0.mp4",
        "sha256": "f2dae6b43a9a6f19675e704b430561c009da7988f11be46abdf1018896a885f6",
        "probe": {
          "codec": "h264",
          "width": 1280,
          "height": 720,
          "fps": "30/1",
          "duration": 19,
          "frames": 570,
          "bytes": 959438
        },
        "reused": true
      },
      {
        "projectId": "video-88f11d4b-82a5-403f-8104-ced44c57c1c8",
        "status": "complete",
        "progress": 100,
        "build": {
          "hash": "b744bbbbf6933c626fb47d07764e68dc0fbda4b7c5cb44272017da15dd148798",
          "dir": "/var/lib/vflow/projects/video-88f11d4b-82a5-403f-8104-ced44c57c1c8/.vflow/builds/b744bbbbf6933c626fb47d07764e68dc0fbda4b7c5cb44272017da15dd148798",
          "revision": 3,
          "projectId": "video-88f11d4b-82a5-403f-8104-ced44c57c1c8",
          "receipt": {
            "schemaVersion": 1,
            "projectId": "video-88f11d4b-82a5-403f-8104-ced44c57c1c8",
            "revision": 3,
            "durationFrames": 570,
            "output": {
              "fps": {
                "denominator": 1,
                "numerator": 30
              },
              "height": 720,
              "width": 1280
            },
            "engineVersion": "2.17.0-dev.1+afm027.1",
            "motionVersion": "1.0.0",
            "sources": {
              "diagram-0": {
                "sourceHash": "40cf2e63ed990218abaf0880d001826f35a1bb0f12809b1142f05fca6bc895c8",
                "artifactHash": "47d9be3c6375cbdca8ce21e0a6018a0622e242d0ce00456de3cc07e214063f88"
              },
              "diagram-1": {
                "sourceHash": "2c41ada4b8d2fd789859bac0a7d99d5c7c6394274646bd6512f97b6f7f82b74c",
                "artifactHash": "c872213e5d47207fc88f0e6af5d93a885ecd374d3b83ddd2d1acda8f64463ecb"
              },
              "diagram-2": {
                "sourceHash": "430ffdd54e048125a538e8c61f844ffccb910491ee60805207f2d256e8370b81",
                "artifactHash": "cd15b9e204023bcffdb83b68232447c8d793b3efdfae591eaf8295d7990cb91b"
              }
            },
            "sceneIds": [
              "title-scene",
              "chapter-0",
              "chapter-1",
              "chapter-2"
            ],
            "authoringHash": "560524779fe7a86df38145269bd2dbb753f5b06191f3f0a5ddaeaa6c50a54baf",
            "files": {
              "scene-0-title-scene.html": "1d8a698a4c93d81e491b6958a192619797032e657b4d9ab89003fdeb1b631796",
              "scene-1-chapter-0.html": "5b105ec67bfa139c1d91cf2e81a28f10a4239b8dd300088ab6e5b3be964efe67",
              "scene-2-chapter-1.html": "758cda5d67b04cf320955bade267fcab8ed87487b2274a426ea77080923933ae",
              "scene-3-chapter-2.html": "7fa92dcf17fa06893bbd0e1bf0898f17ef423704f236708cf43f2020084695c0",
              "index.html": "e460b42195580008b168bf0105e88b38dce9f14bda65817a2bf598921e9e1c27",
              "ledger.json": "d1f89bdc179ca1a384f1b50abbcc6a0932fff3e1fc9a0e20333d290e1b644f91",
              "assets/gsap.min.js": "92bb9a96476f983d212a2bc4f54c889039c1696dd4461d40a736860938570fbb"
            },
            "buildHash": "b744bbbbf6933c626fb47d07764e68dc0fbda4b7c5cb44272017da15dd148798"
          }
        },
        "outputPath": "/var/lib/vflow/projects/video-88f11d4b-82a5-403f-8104-ced44c57c1c8/.vflow/renders/b744bbbbf6933c626fb47d07764e68dc0fbda4b7c5cb44272017da15dd148798/01c39715-7036-4c58-a719-023844a5f0d1.mp4",
        "sha256": "5c8bf5de568104f28847b3b1df50f19601777879798f3addfa94118af3aa9cf6",
        "probe": {
          "codec": "h264",
          "width": 1280,
          "height": 720,
          "fps": "30/1",
          "duration": 19,
          "frames": 570,
          "bytes": 957699
        },
        "reused": true
      },
      {
        "projectId": "video-3cbaf959-4b65-47f8-8fce-f22bf684cb52",
        "status": "complete",
        "progress": 100,
        "build": {
          "hash": "9e60b5499de01c8fae2f6d043db719f4f846bf3c8b5aab32d693c8f42247d448",
          "dir": "/var/lib/vflow/projects/video-3cbaf959-4b65-47f8-8fce-f22bf684cb52/.vflow/builds/9e60b5499de01c8fae2f6d043db719f4f846bf3c8b5aab32d693c8f42247d448",
          "revision": 1,
          "projectId": "video-3cbaf959-4b65-47f8-8fce-f22bf684cb52",
          "receipt": {
            "schemaVersion": 1,
            "projectId": "video-3cbaf959-4b65-47f8-8fce-f22bf684cb52",
            "revision": 1,
            "durationFrames": 570,
            "output": {
              "fps": {
                "denominator": 1,
                "numerator": 30
              },
              "height": 720,
              "width": 1280
            },
            "engineVersion": "2.17.0-dev.1+afm027.1",
            "motionVersion": "1.0.0",
            "sources": {
              "diagram-0": {
                "sourceHash": "c7c4888ebd6f3a235b29ea34e4d5e2192217d0a7e226afef99655a4373be4091",
                "artifactHash": "a9b41dd0006a9a8455592ace29da3880d8c9624570449701fccc7577000ca524"
              },
              "diagram-1": {
                "sourceHash": "4a4c3d0d7c1ed8cba60d8e428ca8685f4b9a6161025c6a624e2278d80fdf0cbe",
                "artifactHash": "aa4f237a8b4740450a07e9a43035b4e24c85ee43de34d9f64aa2f9f5033680a1"
              },
              "diagram-2": {
                "sourceHash": "ca4aee6b22587e285fd118bece513ee4296fce0649d24e3610ac36f31f7ba427",
                "artifactHash": "bb8df0112434c8e2c40422c0b39d8b79525dbecaf3e5799c4c7bc066fd455344"
              }
            },
            "sceneIds": [
              "title-scene",
              "chapter-0",
              "chapter-1",
              "chapter-2"
            ],
            "authoringHash": "cde8d01e907a977fc9feeeaf31e827ddec17434ea608f44ffe94595c17ff2e87",
            "files": {
              "scene-0-title-scene.html": "d1942be79b3c6c1c6bd9997829e67ae15f100ceed876ee7b0781906fda8c2612",
              "scene-1-chapter-0.html": "ad2081b30e8ed711dba2b5c5decd298f2b1e192902dc70952923e22dda1e8ba6",
              "scene-2-chapter-1.html": "b7dfe286c8608fcb3a3e36654a369c99141aec58a2ce0aaed0cf3e928dd736d2",
              "scene-3-chapter-2.html": "87a799f767b568e552f103dd88e83a316e0b8b97c6a15d1f66c4664d1d76317f",
              "index.html": "aebadd2954c394e6364a6fe15f3adf12715ea916737527aca8380444080e18d1",
              "ledger.json": "d1f89bdc179ca1a384f1b50abbcc6a0932fff3e1fc9a0e20333d290e1b644f91",
              "assets/gsap.min.js": "92bb9a96476f983d212a2bc4f54c889039c1696dd4461d40a736860938570fbb"
            },
            "buildHash": "9e60b5499de01c8fae2f6d043db719f4f846bf3c8b5aab32d693c8f42247d448"
          }
        },
        "outputPath": "/var/lib/vflow/projects/video-3cbaf959-4b65-47f8-8fce-f22bf684cb52/.vflow/renders/9e60b5499de01c8fae2f6d043db719f4f846bf3c8b5aab32d693c8f42247d448/97e407b8-a242-4e00-8541-c014fb477037.mp4",
        "sha256": "2616bb6d22719bf40cefbd1e35a247f1beaa736a06c9f27734b1cb24ff1340dd",
        "probe": {
          "codec": "h264",
          "width": 1280,
          "height": 720,
          "fps": "30/1",
          "duration": 19,
          "frames": 570,
          "bytes": 1017376
        },
        "reused": true
      }
    ]
  },
  "downloads": [
    {
      "path": "/workspace/out/cli-downloads/video-0dff94fc-a2bb-4396-b745-450d209eb65c-f2dae6b43a9a.mp4",
      "sha256": "f2dae6b43a9a6f19675e704b430561c009da7988f11be46abdf1018896a885f6"
    },
    {
      "path": "/workspace/out/cli-downloads/video-88f11d4b-82a5-403f-8104-ced44c57c1c8-5c8bf5de5681.mp4",
      "sha256": "5c8bf5de568104f28847b3b1df50f19601777879798f3addfa94118af3aa9cf6"
    },
    {
      "path": "/workspace/out/cli-downloads/video-3cbaf959-4b65-47f8-8fce-f22bf684cb52-2616bb6d2271.mp4",
      "sha256": "2616bb6d22719bf40cefbd1e35a247f1beaa736a06c9f27734b1cb24ff1340dd"
    }
  ]
}
