 Container v-flow-exais-studio-verify Creating 
 Container v-flow-exais-studio-verify Created 
$ bun run build:owned-runtimes && bun run --filter @hyperframes/studio dev:container
$ bun run build:hyperframes-runtime && bun run --cwd packages/core build:position-edits-render && bun run --cwd packages/core build:audio-fx-runtime
$ bun run --filter @hyperframes/core build:hyperframes-runtime
@hyperframes/core build:hyperframes-runtime: {"event":"hyperframe_runtime_artifacts_generated","buildId":"dev","distDir":"/workspace/packages/core/dist","iifePath":"/workspace/packages/core/dist/hyperframe.runtime.iife.js","esmPath":"/workspace/packages/core/dist/hyperframe.runtime.mjs","manifestPath":"/workspace/packages/core/dist/hyperframe.manifest.json","inlineModulePath":"/workspace/packages/core/src/generated/runtime-inline.ts","sourceBytes":401731,"esmBytes":401707,"sha256":"3056a243b7ed69e68d5ade51e49dbc3df6e342c89ecf9554e8743bf4533b21e3"}
@hyperframes/core build:hyperframes-runtime: Exited with code 0
$ tsx scripts/build-position-edits-render.ts
{"event":"position_edits_render_generated","outPath":"/workspace/packages/core/src/generated/position-edits-render-inline.ts","bytes":3817}
$ tsx scripts/build-audio-fx-runtime.ts
{"event":"audio_fx_runtime_generated","outPath":"/workspace/packages/core/src/generated/audio-fx-runtime-inline.ts","bytes":38675}
@hyperframes/studio dev:container: 
@hyperframes/studio dev:container:   VITE v6.4.2  ready in 1270 ms
@hyperframes/studio dev:container: 
@hyperframes/studio dev:container:   ➜  Local:   http://localhost:5190/
@hyperframes/studio dev:container:   ➜  Network: http://192.168.112.2:5190/
@hyperframes/studio dev:container: [INFO] [Compiler] Fetched 11 font face(s) for "Inter" from Google Fonts (cached to /root/.cache/hyperframes/fonts/inter)
@hyperframes/studio dev:container: [INFO] [Compiler] Injected deterministic @font-face rules for 1 requested font families
@hyperframes/studio dev:container: [INFO] [Compiler] Fetched 11 font face(s) for "Inter" from Google Fonts (cached to /root/.cache/hyperframes/fonts/inter)
@hyperframes/studio dev:container: [INFO] [Compiler] Injected deterministic @font-face rules for 1 requested font families
@hyperframes/studio dev:container: [INFO] [Render] Pipeline started {"renderJobId":"cde15453-b430-40df-9bed-3441896468b6","platform":"linux","arch":"x64","nodeVersion":"v24.3.0","fps":{"num":30,"den":1},"format":"mp4","quality":"standard","browserGpuMode":"software","forceScreenshot":true,"protocolTimeout":300000,"browserTimeout":120000,"pageNavigationTimeout":60000,"playerReadyTimeout":45000}
@hyperframes/studio dev:container: [INFO] [Render:trace] {"renderJobId":"cde15453-b430-40df-9bed-3441896468b6","phase":"pipeline","status":"checkpoint","elapsedMs":6,"message":"started","format":"mp4","quality":"standard","browserGpuMode":"software","forceScreenshot":true,"protocolTimeoutMs":300000,"pageNavigationTimeoutMs":60000,"playerReadyTimeoutMs":45000,"requestedWorkers":1}
@hyperframes/studio dev:container: [INFO] [Render:trace] {"renderJobId":"cde15453-b430-40df-9bed-3441896468b6","phase":"compile","status":"start","elapsedMs":6,"needsAlpha":false}
@hyperframes/studio dev:container: [INFO] [Compiler] Fetched 11 font face(s) for "Inter" from Google Fonts (cached to /root/.cache/hyperframes/fonts/inter)
@hyperframes/studio dev:container: [INFO] [Compiler] Injected deterministic @font-face rules for 1 requested font families
@hyperframes/studio dev:container: [INFO] Compiled composition metadata {"renderJobId":"cde15453-b430-40df-9bed-3441896468b6","entryFile":"index.html","staticDuration":19,"width":1280,"height":720,"videoCount":0,"audioCount":0,"renderModeHints":{"recommendScreenshot":false,"reasons":[]}}
@hyperframes/studio dev:container: [INFO] [Render:trace] {"renderJobId":"cde15453-b430-40df-9bed-3441896468b6","phase":"compile","status":"end","elapsedMs":766,"durationMs":759,"needsAlpha":false}
@hyperframes/studio dev:container: [INFO] [Render:trace] {"renderJobId":"cde15453-b430-40df-9bed-3441896468b6","phase":"compile","status":"checkpoint","elapsedMs":767,"message":"composition metadata resolved","width":1280,"height":720,"videoCount":0,"audioCount":0,"imageCount":0,"deviceScaleFactor":1,"forceScreenshot":true,"compositionHash":"26a6e76fb6bb44f3"}
@hyperframes/studio dev:container: [INFO] [Render:trace] {"renderJobId":"cde15453-b430-40df-9bed-3441896468b6","phase":"browser_probe","status":"start","elapsedMs":767,"forceScreenshot":true,"stagePhase":"calibrating"}
@hyperframes/studio dev:container: [INFO] [Render:trace] {"renderJobId":"cde15453-b430-40df-9bed-3441896468b6","phase":"browser_probe","status":"end","elapsedMs":787,"durationMs":20,"forceScreenshot":true,"stagePhase":"calibrating"}
@hyperframes/studio dev:container: [INFO] [Render:trace] {"renderJobId":"cde15453-b430-40df-9bed-3441896468b6","phase":"browser_probe","status":"checkpoint","elapsedMs":788,"message":"duration resolved","durationSeconds":19,"totalFrames":570,"compositionHash":"26a6e76fb6bb44f3","beginFrameStalled":false}
@hyperframes/studio dev:container: [INFO] [Render:trace] {"renderJobId":"cde15453-b430-40df-9bed-3441896468b6","phase":"video_extract","status":"start","elapsedMs":788,"videoCount":0}
@hyperframes/studio dev:container: [INFO] [Render:trace] {"renderJobId":"cde15453-b430-40df-9bed-3441896468b6","phase":"video_extract","status":"end","elapsedMs":788,"durationMs":0,"videoCount":0}
@hyperframes/studio dev:container: [INFO] [Render:trace] {"renderJobId":"cde15453-b430-40df-9bed-3441896468b6","phase":"video_extract","status":"checkpoint","elapsedMs":791,"message":"frames resolved","videoCount":0,"extractedVideoCount":0,"totalFramesExtracted":0,"maxFramesPerVideo":0,"avgFramesPerExtractedVideo":null,"vfrPreflightCount":null,"vfrPreflightMs":null,"cacheHits":null,"cacheMisses":null,"transientRetries":null,"minVideoFrameCoverageRatio":null,"authoredTimedClipCount":9}
@hyperframes/studio dev:container: [INFO] [Render] No HDR sources detected — rendering SDR {"renderJobId":"cde15453-b430-40df-9bed-3441896468b6"}
@hyperframes/studio dev:container: [INFO] [Render:trace] {"renderJobId":"cde15453-b430-40df-9bed-3441896468b6","phase":"hdr_detection","status":"checkpoint","elapsedMs":791,"message":"resolved","requestedHdrMode":"auto","effectiveHdr":"sdr","nativeHdrVideoCount":0,"nativeHdrImageCount":0}
@hyperframes/studio dev:container: [INFO] [Render:trace] {"renderJobId":"cde15453-b430-40df-9bed-3441896468b6","phase":"audio_process","status":"start","elapsedMs":791,"audioCount":0}
@hyperframes/studio dev:container: [INFO] [Render:trace] {"renderJobId":"cde15453-b430-40df-9bed-3441896468b6","phase":"audio_process","status":"end","elapsedMs":792,"durationMs":1,"audioCount":0}
@hyperframes/studio dev:container: [INFO] [Render:trace] {"renderJobId":"cde15453-b430-40df-9bed-3441896468b6","phase":"file_server","status":"start","elapsedMs":792,"reused":false}
@hyperframes/studio dev:container: [INFO] [Render:trace] {"renderJobId":"cde15453-b430-40df-9bed-3441896468b6","phase":"file_server","status":"end","elapsedMs":814,"durationMs":22}
@hyperframes/studio dev:container: [INFO] [Render:trace] {"renderJobId":"cde15453-b430-40df-9bed-3441896468b6","phase":"capture_calibration","status":"checkpoint","elapsedMs":816,"message":"skipped","requestedWorkers":1,"totalFrames":570,"htmlInCanvasDetected":false,"lowMemoryMode":false,"deInversionEligible":false,"deParallelRouterEligible":false}
@hyperframes/studio dev:container: [INFO] [Render:trace] {"renderJobId":"cde15453-b430-40df-9bed-3441896468b6","phase":"worker_resolution","status":"checkpoint","elapsedMs":879,"message":"resolved","workerCount":1}
@hyperframes/studio dev:container: [INFO] streaming-encode gate {"renderJobId":"cde15453-b430-40df-9bed-3441896468b6","enabled":true,"configFlag":true,"outputFormat":"mp4","workerCount":1,"durationSeconds":19,"maxDurationSeconds":240}
@hyperframes/studio dev:container: [INFO] [Render:trace] {"renderJobId":"cde15453-b430-40df-9bed-3441896468b6","phase":"capture_strategy","status":"checkpoint","elapsedMs":879,"message":"resolved","workerCount":1,"forceScreenshot":true,"captureBeyondViewport":null,"useStreamingEncode":true,"useLayeredComposite":false,"usePageSideCompositing":false,"hasHdrContent":false,"hasShaderTransitions":false,"isPngSequence":false}
@hyperframes/studio dev:container: [INFO] [Render:trace] {"renderJobId":"cde15453-b430-40df-9bed-3441896468b6","phase":"capture_streaming","status":"start","elapsedMs":879,"stagePhase":"capturing","workerCount":1,"forceScreenshot":true,"totalFrames":570,"framesCompleted":0,"captureMode":"screenshot","captureOperation":"captureScreenshot"}
@hyperframes/studio dev:container: [BrowserManager] Browser launched (HeadlessChrome/148.0.7778.167, screenshot, gl=--use-gl=angle --use-angle=swiftshader, headlessShell=true, platform=linux)
@hyperframes/studio dev:container: [initSession:screenshot] page.goto start (0ms)
@hyperframes/studio dev:container: [HyperFrames] render runtime fps [object Object]
@hyperframes/studio dev:container: [initSession:screenshot] page.goto complete (199ms)
@hyperframes/studio dev:container: [initSession:screenshot] GSAP proxy flush complete (200ms)
@hyperframes/studio dev:container: [initSession:screenshot] pollHfReady complete (307ms)
@hyperframes/studio dev:container: [initSession:screenshot] pollSubCompositionTimelines complete (ready) (309ms)
@hyperframes/studio dev:container: [initSession:screenshot] applyVideoMetadataHints complete (310ms)
@hyperframes/studio dev:container: [initSession:screenshot] media + fonts + tailwind ready (312ms)
@hyperframes/studio dev:container: [initSession:screenshot] static-frame dedup: disabled (eligible) (320ms)
@hyperframes/studio dev:container: [INFO] [Render:trace] {"renderJobId":"cde15453-b430-40df-9bed-3441896468b6","phase":"capture_streaming","status":"checkpoint","elapsedMs":30881,"message":"stage still running","stagePhase":"capturing","workerCount":1,"forceScreenshot":true,"totalFrames":570,"framesCompleted":538,"captureMode":"screenshot","captureOperation":"captureScreenshot","heartbeatIndex":1,"stageElapsedMs":30001}
@hyperframes/studio dev:container: [INFO] [Render:trace] {"renderJobId":"cde15453-b430-40df-9bed-3441896468b6","phase":"capture_streaming","status":"end","elapsedMs":32559,"durationMs":31679,"stagePhase":"capturing","workerCount":1,"forceScreenshot":true,"totalFrames":570,"framesCompleted":570,"captureMode":"screenshot","captureOperation":"encode"}
@hyperframes/studio dev:container: [INFO] [Render:trace] {"renderJobId":"cde15453-b430-40df-9bed-3441896468b6","phase":"assemble","status":"start","elapsedMs":32561,"stagePhase":"capturing","hasAudio":false,"workerCount":1,"forceScreenshot":true,"totalFrames":570,"framesCompleted":570,"captureMode":"screenshot","captureOperation":"encode"}
@hyperframes/studio dev:container: [INFO] [Render:trace] {"renderJobId":"cde15453-b430-40df-9bed-3441896468b6","phase":"assemble","status":"end","elapsedMs":32614,"durationMs":53,"stagePhase":"capturing","hasAudio":false,"workerCount":1,"forceScreenshot":true,"totalFrames":570,"framesCompleted":570,"captureMode":"screenshot","captureOperation":"encode"}
@hyperframes/studio dev:container: [INFO] [Render:trace] {"renderJobId":"cde15453-b430-40df-9bed-3441896468b6","phase":"pipeline","status":"checkpoint","elapsedMs":32666,"message":"artifact validated","totalElapsedMs":32666}
@hyperframes/studio dev:container: [INFO] [Render] Pipeline started {"renderJobId":"60570b5b-c67c-4ecd-8085-a3c743273db8","platform":"linux","arch":"x64","nodeVersion":"v24.3.0","fps":{"num":30,"den":1},"format":"mp4","quality":"standard","browserGpuMode":"software","forceScreenshot":true,"protocolTimeout":300000,"browserTimeout":120000,"pageNavigationTimeout":60000,"playerReadyTimeout":45000}
@hyperframes/studio dev:container: [INFO] [Render:trace] {"renderJobId":"60570b5b-c67c-4ecd-8085-a3c743273db8","phase":"pipeline","status":"checkpoint","elapsedMs":0,"message":"started","format":"mp4","quality":"standard","browserGpuMode":"software","forceScreenshot":true,"protocolTimeoutMs":300000,"pageNavigationTimeoutMs":60000,"playerReadyTimeoutMs":45000,"requestedWorkers":1}
@hyperframes/studio dev:container: [INFO] [Render:trace] {"renderJobId":"60570b5b-c67c-4ecd-8085-a3c743273db8","phase":"compile","status":"start","elapsedMs":1,"needsAlpha":false}
@hyperframes/studio dev:container: [INFO] [Compiler] Fetched 11 font face(s) for "Inter" from Google Fonts (cached to /root/.cache/hyperframes/fonts/inter)
@hyperframes/studio dev:container: [INFO] [Compiler] Injected deterministic @font-face rules for 1 requested font families
@hyperframes/studio dev:container: [INFO] Compiled composition metadata {"renderJobId":"60570b5b-c67c-4ecd-8085-a3c743273db8","entryFile":"index.html","staticDuration":19,"width":1280,"height":720,"videoCount":0,"audioCount":0,"renderModeHints":{"recommendScreenshot":false,"reasons":[]}}
@hyperframes/studio dev:container: [INFO] [Render:trace] {"renderJobId":"60570b5b-c67c-4ecd-8085-a3c743273db8","phase":"compile","status":"end","elapsedMs":185,"durationMs":184,"needsAlpha":false}
@hyperframes/studio dev:container: [INFO] [Render:trace] {"renderJobId":"60570b5b-c67c-4ecd-8085-a3c743273db8","phase":"compile","status":"checkpoint","elapsedMs":185,"message":"composition metadata resolved","width":1280,"height":720,"videoCount":0,"audioCount":0,"imageCount":0,"deviceScaleFactor":1,"forceScreenshot":true,"compositionHash":"bb852a6c1f25bbd3"}
@hyperframes/studio dev:container: [INFO] [Render:trace] {"renderJobId":"60570b5b-c67c-4ecd-8085-a3c743273db8","phase":"browser_probe","status":"start","elapsedMs":185,"forceScreenshot":true,"stagePhase":"calibrating"}
@hyperframes/studio dev:container: [INFO] [Render:trace] {"renderJobId":"60570b5b-c67c-4ecd-8085-a3c743273db8","phase":"browser_probe","status":"end","elapsedMs":196,"durationMs":11,"forceScreenshot":true,"stagePhase":"calibrating"}
@hyperframes/studio dev:container: [INFO] [Render:trace] {"renderJobId":"60570b5b-c67c-4ecd-8085-a3c743273db8","phase":"browser_probe","status":"checkpoint","elapsedMs":197,"message":"duration resolved","durationSeconds":19,"totalFrames":570,"compositionHash":"bb852a6c1f25bbd3","beginFrameStalled":false}
@hyperframes/studio dev:container: [INFO] [Render:trace] {"renderJobId":"60570b5b-c67c-4ecd-8085-a3c743273db8","phase":"video_extract","status":"start","elapsedMs":197,"videoCount":0}
@hyperframes/studio dev:container: [INFO] [Render:trace] {"renderJobId":"60570b5b-c67c-4ecd-8085-a3c743273db8","phase":"video_extract","status":"end","elapsedMs":198,"durationMs":1,"videoCount":0}
@hyperframes/studio dev:container: [INFO] [Render:trace] {"renderJobId":"60570b5b-c67c-4ecd-8085-a3c743273db8","phase":"video_extract","status":"checkpoint","elapsedMs":200,"message":"frames resolved","videoCount":0,"extractedVideoCount":0,"totalFramesExtracted":0,"maxFramesPerVideo":0,"avgFramesPerExtractedVideo":null,"vfrPreflightCount":null,"vfrPreflightMs":null,"cacheHits":null,"cacheMisses":null,"transientRetries":null,"minVideoFrameCoverageRatio":null,"authoredTimedClipCount":9}
@hyperframes/studio dev:container: [INFO] [Render] No HDR sources detected — rendering SDR {"renderJobId":"60570b5b-c67c-4ecd-8085-a3c743273db8"}
@hyperframes/studio dev:container: [INFO] [Render:trace] {"renderJobId":"60570b5b-c67c-4ecd-8085-a3c743273db8","phase":"hdr_detection","status":"checkpoint","elapsedMs":200,"message":"resolved","requestedHdrMode":"auto","effectiveHdr":"sdr","nativeHdrVideoCount":0,"nativeHdrImageCount":0}
@hyperframes/studio dev:container: [INFO] [Render:trace] {"renderJobId":"60570b5b-c67c-4ecd-8085-a3c743273db8","phase":"audio_process","status":"start","elapsedMs":200,"audioCount":0}
@hyperframes/studio dev:container: [INFO] [Render:trace] {"renderJobId":"60570b5b-c67c-4ecd-8085-a3c743273db8","phase":"audio_process","status":"end","elapsedMs":200,"durationMs":0,"audioCount":0}
@hyperframes/studio dev:container: [INFO] [Render:trace] {"renderJobId":"60570b5b-c67c-4ecd-8085-a3c743273db8","phase":"file_server","status":"start","elapsedMs":200,"reused":false}
@hyperframes/studio dev:container: [INFO] [Render:trace] {"renderJobId":"60570b5b-c67c-4ecd-8085-a3c743273db8","phase":"file_server","status":"end","elapsedMs":224,"durationMs":24}
@hyperframes/studio dev:container: [INFO] [Render:trace] {"renderJobId":"60570b5b-c67c-4ecd-8085-a3c743273db8","phase":"capture_calibration","status":"checkpoint","elapsedMs":226,"message":"skipped","requestedWorkers":1,"totalFrames":570,"htmlInCanvasDetected":false,"lowMemoryMode":false,"deInversionEligible":false,"deParallelRouterEligible":false}
@hyperframes/studio dev:container: [INFO] [Render:trace] {"renderJobId":"60570b5b-c67c-4ecd-8085-a3c743273db8","phase":"worker_resolution","status":"checkpoint","elapsedMs":282,"message":"resolved","workerCount":1}
@hyperframes/studio dev:container: [INFO] streaming-encode gate {"renderJobId":"60570b5b-c67c-4ecd-8085-a3c743273db8","enabled":true,"configFlag":true,"outputFormat":"mp4","workerCount":1,"durationSeconds":19,"maxDurationSeconds":240}
@hyperframes/studio dev:container: [INFO] [Render:trace] {"renderJobId":"60570b5b-c67c-4ecd-8085-a3c743273db8","phase":"capture_strategy","status":"checkpoint","elapsedMs":283,"message":"resolved","workerCount":1,"forceScreenshot":true,"captureBeyondViewport":null,"useStreamingEncode":true,"useLayeredComposite":false,"usePageSideCompositing":false,"hasHdrContent":false,"hasShaderTransitions":false,"isPngSequence":false}
@hyperframes/studio dev:container: [INFO] [Render:trace] {"renderJobId":"60570b5b-c67c-4ecd-8085-a3c743273db8","phase":"capture_streaming","status":"start","elapsedMs":283,"stagePhase":"capturing","workerCount":1,"forceScreenshot":true,"totalFrames":570,"framesCompleted":0,"captureMode":"screenshot","captureOperation":"captureScreenshot"}
@hyperframes/studio dev:container: [BrowserManager] Browser launched (HeadlessChrome/148.0.7778.167, screenshot, gl=--use-gl=angle --use-angle=swiftshader, headlessShell=true, platform=linux)
@hyperframes/studio dev:container: [initSession:screenshot] page.goto start (0ms)
@hyperframes/studio dev:container: [HyperFrames] render runtime fps [object Object]
@hyperframes/studio dev:container: [initSession:screenshot] page.goto complete (191ms)
@hyperframes/studio dev:container: [initSession:screenshot] GSAP proxy flush complete (196ms)
@hyperframes/studio dev:container: [initSession:screenshot] pollHfReady complete (196ms)
@hyperframes/studio dev:container: [initSession:screenshot] pollSubCompositionTimelines complete (ready) (199ms)
@hyperframes/studio dev:container: [initSession:screenshot] applyVideoMetadataHints complete (199ms)
@hyperframes/studio dev:container: [initSession:screenshot] media + fonts + tailwind ready (200ms)
@hyperframes/studio dev:container: [initSession:screenshot] static-frame dedup: disabled (eligible) (205ms)
@hyperframes/studio dev:container: [INFO] [Compiler] Fetched 11 font face(s) for "Inter" from Google Fonts (cached to /root/.cache/hyperframes/fonts/inter)
@hyperframes/studio dev:container: [INFO] [Compiler] Injected deterministic @font-face rules for 1 requested font families
@hyperframes/studio dev:container: [INFO] [Compiler] Fetched 11 font face(s) for "Inter" from Google Fonts (cached to /root/.cache/hyperframes/fonts/inter)
@hyperframes/studio dev:container: [INFO] [Compiler] Injected deterministic @font-face rules for 1 requested font families
@hyperframes/studio dev:container: [INFO] [Render:trace] {"renderJobId":"60570b5b-c67c-4ecd-8085-a3c743273db8","phase":"capture_streaming","status":"checkpoint","elapsedMs":30288,"message":"stage still running","stagePhase":"capturing","workerCount":1,"forceScreenshot":true,"totalFrames":570,"framesCompleted":520,"captureMode":"screenshot","captureOperation":"captureScreenshot","heartbeatIndex":1,"stageElapsedMs":30005}
@hyperframes/studio dev:container: [INFO] [Render:trace] {"renderJobId":"60570b5b-c67c-4ecd-8085-a3c743273db8","phase":"capture_streaming","status":"end","elapsedMs":32891,"durationMs":32608,"stagePhase":"capturing","workerCount":1,"forceScreenshot":true,"totalFrames":570,"framesCompleted":570,"captureMode":"screenshot","captureOperation":"encode"}
@hyperframes/studio dev:container: [INFO] [Render:trace] {"renderJobId":"60570b5b-c67c-4ecd-8085-a3c743273db8","phase":"assemble","status":"start","elapsedMs":32892,"stagePhase":"capturing","hasAudio":false,"workerCount":1,"forceScreenshot":true,"totalFrames":570,"framesCompleted":570,"captureMode":"screenshot","captureOperation":"encode"}
@hyperframes/studio dev:container: [INFO] [Render:trace] {"renderJobId":"60570b5b-c67c-4ecd-8085-a3c743273db8","phase":"assemble","status":"end","elapsedMs":32945,"durationMs":53,"stagePhase":"capturing","hasAudio":false,"workerCount":1,"forceScreenshot":true,"totalFrames":570,"framesCompleted":570,"captureMode":"screenshot","captureOperation":"encode"}
@hyperframes/studio dev:container: [INFO] [Render:trace] {"renderJobId":"60570b5b-c67c-4ecd-8085-a3c743273db8","phase":"pipeline","status":"checkpoint","elapsedMs":32999,"message":"artifact validated","totalElapsedMs":32999}
error: script "studio:container" was terminated by signal SIGTERM (Polite quit request)

