
  x eslint(no-control-regex): Unexpected control character
    ,-[packages/studio-server/src/project/gitSnapshots.ts:63:71]
 62 | export async function pinGitRevision(root: string, ref: string, expected?: string) {
 63 |   if (typeof ref !== "string" || !ref.length || ref.length > 256 || /[\x00-\x20\x7f]/.test(ref))
    :                                                                       ^^|^
    :                                                                         `-- 'U+0000' is a control character.
 64 |     throw reviewError("revision-invalid", "Supply a local Git revision.");
    `----
  help: Avoid matching control characters in regular expressions. If intentional, consider using a Unicode escape instead.

  x eslint(no-control-regex): Unexpected control characters
     ,-[packages/studio-server/src/project/gitSnapshots.ts:135:6]
 134 |   safeSourceFile(path) &&
 135 |   !/[\x00-\x1f\x7f\\:]/.test(path) &&
     :      ^^|^ ^^|^
     :        |    `-- 'U+001F' is a control character.
     :        `-- 'U+0000' is a control character.
 136 |   path.split("/").every((part) => part && part !== "." && part !== "..");
     `----
  help: Avoid matching control characters in regular expressions. If intentional, consider using a Unicode escape instead.

Found 0 warnings and 2 errors.
Finished in 108ms on 10 files with 88 rules using 28 threads.
