COMMAND: bun run audit:assets
STARTED: 2026-09-11T20:25:24Z

$ bun run tools/legal/asset-audit-cli.ts
licenses present: true
  ok  licenses/archify-LICENSE  (Archify (MIT))
  ok  licenses/archify-THIRD_PARTY_NOTICES.md  (Archify third-party notices)
  ok  licenses/hyperframes-LICENSE  (HyperFrames (Apache-2.0))

assets: 169 fonts, 712 media
  pending rights review: 753
  font binaries in evidence/: 0

modifications vs upstream: 263
  licenses/archify-THIRD_PARTY_NOTICES.md
      owned change (no specific note recorded)
  packages/diagram-engine/SKILL.md
      owned change (no specific note recorded)
  packages/diagram-engine/THIRD_PARTY_NOTICES.md
      owned change (no specific note recorded)
  packages/diagram-viewer/assets/template.html
      owned change (no specific note recorded)
  packages/diagram-engine/bin/archify.mjs
      owned change (no specific note recorded)
  packages/diagram-engine/bin/open-artifact.mjs
      owned change (no specific note recorded)
  packages/diagram-engine/bin/preview.mjs
      owned change (no specific note recorded)
  packages/diagram-engine/bin/visual-check.mjs
      owned change (no specific note recorded)
  packages/diagram-engine/brand-marks/catalog.json
      owned change (no specific note recorded)
  packages/diagram-engine/delta/architecture-delta.mjs
      owned change (no specific note recorded)
  packages/diagram-engine/examples/agent-run.lifecycle.json
      owned change (no specific note recorded)
  packages/diagram-engine/examples/agent-tool-call.workflow.json
      owned change (no specific note recorded)
  packages/diagram-engine/examples/async-job-roundtrip.sequence.json
      owned change (no specific note recorded)
  packages/diagram-engine/examples/brand-aware-delivery.architecture.json
      owned change (no specific note recorded)
  packages/diagram-engine/examples/cache-miss-request.sequence.json
      owned change (no specific note recorded)
  packages/diagram-engine/examples/checkout-platform.base.architecture.json
      owned change (no specific note recorded)
  packages/diagram-engine/examples/checkout-platform.head.architecture.json
      owned change (no specific note recorded)
  packages/diagram-engine/examples/dataflow-product-analytics.html
      owned change (no specific note recorded)
  packages/diagram-engine/examples/deployment-release.lifecycle.json
      owned change (no specific note recorded)
  packages/diagram-engine/examples/event-stream.dataflow.json
      owned change (no specific note recorded)
  packages/diagram-engine/examples/incident-response.workflow.json
      owned change (no specific note recorded)
  packages/diagram-engine/examples/lifecycle-agent-run.html
      owned change (no specific note recorded)
  packages/diagram-engine/examples/product-analytics.dataflow.json
      owned change (no specific note recorded)
  packages/diagram-engine/examples/production-deployment.architecture.json
      owned change (no specific note recorded)
  packages/diagram-engine/examples/release-delivery.workflow.json
      owned change (no specific note recorded)
  packages/diagram-engine/examples/sequence-cache-miss-request.html
      owned change (no specific note recorded)
  packages/diagram-engine/examples/web-app-rendered.html
      owned change (no specific note recorded)
  packages/diagram-engine/examples/web-app.architecture.json
      owned change (no specific note recorded)
  packages/diagram-engine/examples/workflow-agent-tool-call-rendered.html
      owned change (no specific note recorded)
  packages/diagram-engine/migrations/workflow-v2.mjs
      owned change (no specific note recorded)
  packages/diagram-engine/package.json
      Rewritten during AFM-009: renamed from the upstream 'archify' to @hyperframes/diagram-engine, marked
  packages/diagram-engine/recipes/scenarios.mjs
      owned change (no specific note recorded)
  packages/diagram-engine/renderers/architecture/grid.mjs
      owned change (no specific note recorded)
  packages/diagram-engine/renderers/architecture/render-architecture.mjs
      owned change (no specific note recorded)
  packages/diagram-engine/renderers/dataflow/README.md
      owned change (no specific note recorded)
  packages/diagram-engine/renderers/dataflow/render-dataflow.mjs
      owned change (no specific note recorded)
  packages/diagram-engine/renderers/lifecycle/README.md
      owned change (no specific note recorded)
  packages/diagram-engine/renderers/lifecycle/render-lifecycle.mjs
      owned change (no specific note recorded)
  packages/diagram-engine/renderers/sequence/README.md
      owned change (no specific note recorded)
  packages/diagram-engine/renderers/sequence/render-sequence.mjs
      owned change (no specific note recorded)
  packages/diagram-engine/renderers/shared/brand-marks.mjs
      owned change (no specific note recorded)
  packages/diagram-engine/renderers/shared/cli.mjs
      Modified during AFM-011: asset lookup remapped to package-owned resolvers. The upstream code resolve
  packages/diagram-engine/renderers/shared/desktop-readability.mjs
      owned change (no specific note recorded)
  packages/diagram-engine/renderers/shared/diagnostics.mjs
      owned change (no specific note recorded)
  packages/diagram-engine/renderers/shared/engineering-profiles.mjs
      owned change (no specific note recorded)
  packages/diagram-engine/renderers/shared/generated-brand-marks.mjs
      owned change (no specific note recorded)
  packages/diagram-engine/renderers/shared/generated-validators.mjs
      owned change (no specific note recorded)
  packages/diagram-engine/renderers/shared/geometry.mjs
      owned change (no specific note recorded)
  packages/diagram-engine/renderers/shared/i18n.mjs
      owned change (no specific note recorded)
  packages/diagram-engine/renderers/shared/layout-report.mjs
      owned change (no specific note recorded)
  packages/diagram-engine/renderers/shared/legend.mjs
      owned change (no specific note recorded)
  packages/diagram-engine/renderers/shared/output-path.mjs
      owned change (no specific note recorded)
  packages/diagram-engine/renderers/shared/repository-evidence.mjs
      owned change (no specific note recorded)
  packages/diagram-engine/renderers/shared/repository-location.mjs
      owned change (no specific note recorded)
  packages/diagram-engine/renderers/shared/text-fit.mjs
      owned change (no specific note recorded)
  packages/diagram-engine/renderers/shared/utils.mjs
      owned change (no specific note recorded)
  packages/diagram-engine/renderers/shared/validator.mjs
      owned change (no specific note recorded)
  packages/diagram-engine/renderers/workflow/README.md
      owned change (no specific note recorded)
  packages/diagram-engine/renderers/workflow/render-workflow.mjs
      owned change (no specific note recorded)
  packages/diagram-engine/renderers/workflow/workflow-compiler.mjs
      owned change (no specific note recorded)
  packages/diagram-engine/renderers/workflow/workflow-migration-geometry.mjs
      owned change (no specific note recorded)
  packages/diagram-engine/schemas/README.md
      owned change (no specific note recorded)
  packages/diagram-engine/schemas/common.schema.json
      owned change (no specific note recorded)
  packages/diagram-engine/schemas/dataflow.schema.json
      owned change (no specific note recorded)
  packages/diagram-engine/schemas/lifecycle.schema.json
      owned change (no specific note recorded)
  packages/diagram-engine/schemas/sequence.schema.json
      owned change (no specific note recorded)
  packages/diagram-engine/schemas/workflow.schema.json
      owned change (no specific note recorded)
  packages/diagram-engine/scripts/check-render-output.mjs
      owned change (no specific note recorded)
  packages/diagram-engine/scripts/check-update.mjs
      owned change (no specific note recorded)
  packages/diagram-engine/scripts/generate-brand-marks.mjs
      owned change (no specific note recorded)
  packages/diagram-engine/scripts/generate-validators.mjs
      owned change (no specific note recorded)
  packages/diagram-engine/scripts/render-examples.mjs
      owned change (no specific note recorded)
  packages/diagram-engine/scripts/update-contract.mjs
      owned change (no specific note recorded)
  packages/diagram-engine/test/adaptive-reader-layout.test.mjs
      owned change (no specific note recorded)
  packages/diagram-engine/test/animation.test.mjs
      owned change (no specific note recorded)
  packages/diagram-engine/test/architecture-delta.test.mjs
      owned change (no specific note recorded)
  packages/diagram-engine/test/artifact-receipt-flush.test.mjs
      owned change (no specific note recorded)
  packages/diagram-engine/test/authored-reachability.test.mjs
      owned change (no specific note recorded)
  packages/diagram-engine/test/authoring-safety-contract.test.mjs
      owned change (no specific note recorded)
  packages/diagram-engine/test/automatic-port-spread.test.mjs
      owned change (no specific note recorded)
  packages/diagram-engine/test/base-input-compatibility.test.mjs
      owned change (no specific note recorded)
  packages/diagram-engine/test/brand-marks.test.mjs
      owned change (no specific note recorded)
  packages/diagram-engine/test/chapter-delta-preview.test.mjs
      owned change (no specific note recorded)
  packages/diagram-engine/test/chapter-handoff.test.mjs
      owned change (no specific note recorded)
  packages/diagram-engine/test/chapter-rail.test.mjs
      owned change (no specific note recorded)
  packages/diagram-engine/test/checkout-line-endings.test.mjs
      owned change (no specific note recorded)
  packages/diagram-engine/test/clean-skill-staging.test.mjs
      owned change (no specific note recorded)
  packages/diagram-engine/test/cli-output-types.test.mjs
      owned change (no specific note recorded)
  packages/diagram-engine/test/cli.test.mjs
      owned change (no specific note recorded)
  packages/diagram-engine/test/community-proof-intake.test.mjs
      owned change (no specific note recorded)
  packages/diagram-engine/test/cursor-onboarding.test.mjs
      owned change (no specific note recorded)
  packages/diagram-engine/test/degraded.test.mjs
      owned change (no specific note recorded)
  packages/diagram-engine/test/delivery-contract.test.mjs
      owned change (no specific note recorded)
  packages/diagram-engine/test/desktop-reader-browser.test.mjs
      owned change (no specific note recorded)
  packages/diagram-engine/test/diagram-guide.test.mjs
      owned change (no specific note recorded)
  packages/diagram-engine/test/engineering-profile.test.mjs
      owned change (no specific note recorded)
  packages/diagram-engine/test/finder.test.mjs
      owned change (no specific note recorded)
  packages/diagram-engine/test/fixtures/fail-migration-cleanup.mjs
      owned change (no specific note recorded)
  packages/diagram-engine/test/fixtures/issue-126/custom-widths.workflow.json
      owned change (no specific note recorded)
  packages/diagram-engine/test/fixtures/issue-126/explicit-viewbox.workflow.json
      owned change (no specific note recorded)
  packages/diagram-engine/test/fixtures/issue-126/labels.workflow.json
      owned change (no specific note recorded)
  packages/diagram-engine/test/fixtures/v1-baseline/agent-run.lifecycle.json
      owned change (no specific note recorded)
  packages/diagram-engine/test/fixtures/v1-baseline/agent-tool-call.workflow.json
      owned change (no specific note recorded)
  packages/diagram-engine/test/fixtures/v1-baseline/cache-miss-request.sequence.json
      owned change (no specific note recorded)
  packages/diagram-engine/test/fixtures/v1-baseline/event-stream.dataflow.json
      owned change (no specific note recorded)
  packages/diagram-engine/test/fixtures/v1-baseline/product-analytics.dataflow.json
      owned change (no specific note recorded)
  packages/diagram-engine/test/fixtures/v1-baseline/production-deployment.architecture.json
      owned change (no specific note recorded)
  packages/diagram-engine/test/fixtures/v1-baseline/web-app.architecture.json
      owned change (no specific note recorded)
  packages/diagram-engine/test/gallery.test.mjs
      owned change (no specific note recorded)
  packages/diagram-engine/test/generate-validators.test.mjs
      owned change (no specific note recorded)
  packages/diagram-engine/test/generated-artifact-xml.test.mjs
      owned change (no specific note recorded)
  packages/diagram-engine/test/geometry.test.mjs
      owned change (no specific note recorded)
  packages/diagram-engine/test/golden.mjs
      owned change (no specific note recorded)
  packages/diagram-engine/test/grid.test.mjs
      owned change (no specific note recorded)
  packages/diagram-engine/test/guide-page.test.mjs
      owned change (no specific note recorded)
  packages/diagram-engine/test/guide.test.mjs
      owned change (no specific note recorded)
  packages/diagram-engine/test/guided-views.test.mjs
      owned change (no specific note recorded)
  packages/diagram-engine/test/helpers/offline-fonts.mjs
      owned change (no specific note recorded)
  packages/diagram-engine/test/helpers/xml.mjs
      owned change (no specific note recorded)
  packages/diagram-engine/test/i18n.test.mjs
      owned change (no specific note recorded)
  packages/diagram-engine/test/intent-trace.test.mjs
      owned change (no specific note recorded)
  packages/diagram-engine/test/landing.test.mjs
      owned change (no specific note recorded)
  packages/diagram-engine/test/layout-rules.test.mjs
      owned change (no specific note recorded)
  packages/diagram-engine/test/legend-contract.test.mjs
      owned change (no specific note recorded)
  packages/diagram-engine/test/motion-governor.test.mjs
      owned change (no specific note recorded)
  packages/diagram-engine/test/offline-font-browser.test.mjs
      owned change (no specific note recorded)
  packages/diagram-engine/test/offline-self-containment.test.mjs
      owned change (no specific note recorded)
  packages/diagram-engine/test/open-artifact.test.mjs
      owned change (no specific note recorded)
  packages/diagram-engine/test/ordinary-model-floor.test.mjs
      owned change (no specific note recorded)
  packages/diagram-engine/test/output-path.test.mjs
      owned change (no specific note recorded)
  packages/diagram-engine/test/presentation.test.mjs
      owned change (no specific note recorded)
  packages/diagram-engine/test/preset-tryon.test.mjs
      owned change (no specific note recorded)
  packages/diagram-engine/test/preview-contract.test.mjs
      owned change (no specific note recorded)
  packages/diagram-engine/test/preview.test.mjs
      owned change (no specific note recorded)
  packages/diagram-engine/test/proof-aperture.test.mjs
      owned change (no specific note recorded)
  packages/diagram-engine/test/reach-share-card.test.mjs
      owned change (no specific note recorded)
  packages/diagram-engine/test/readme-showcase.test.mjs
      owned change (no specific note recorded)
  packages/diagram-engine/test/real-repository-proof.test.mjs
      owned change (no specific note recorded)
  packages/diagram-engine/test/relationship-direct-explorer.test.mjs
      owned change (no specific note recorded)
  packages/diagram-engine/test/relationship-lens.test.mjs
      owned change (no specific note recorded)
  packages/diagram-engine/test/relationship-permalink.test.mjs
      owned change (no specific note recorded)
  packages/diagram-engine/test/relationship-pulse.test.mjs
      owned change (no specific note recorded)
  packages/diagram-engine/test/release-identity.test.mjs
      owned change (no specific note recorded)
  packages/diagram-engine/test/release-package-gates.test.mjs
      owned change (no specific note recorded)
  packages/diagram-engine/test/render-output-checks.test.mjs
      owned change (no specific note recorded)
  packages/diagram-engine/test/repair-receipt.test.mjs
      owned change (no specific note recorded)
  packages/diagram-engine/test/repository-evidence.test.mjs
      owned change (no specific note recorded)
  packages/diagram-engine/test/repository-language-metadata.test.mjs
      owned change (no specific note recorded)
  packages/diagram-engine/test/route-journey.test.mjs
      owned change (no specific note recorded)
  packages/diagram-engine/test/route-probe.test.mjs
      owned change (no specific note recorded)
  packages/diagram-engine/test/route-share-card.test.mjs
      owned change (no specific note recorded)
  packages/diagram-engine/test/semantic-camera.test.mjs
      owned change (no specific note recorded)
  packages/diagram-engine/test/semantic-flow.test.mjs
      owned change (no specific note recorded)
  packages/diagram-engine/test/semantic-legend-gateway.test.mjs
      owned change (no specific note recorded)
  packages/diagram-engine/test/semantic-lens.test.mjs
      owned change (no specific note recorded)
  packages/diagram-engine/test/semantic-passport.test.mjs
      owned change (no specific note recorded)
  packages/diagram-engine/test/semantic-radar.test.mjs
      owned change (no specific note recorded)
  packages/diagram-engine/test/semantic-zoom.test.mjs
      owned change (no specific note recorded)
  packages/diagram-engine/test/sequence-column-fit.test.mjs
      owned change (no specific note recorded)
  packages/diagram-engine/test/settled-flow.test.mjs
      owned change (no specific note recorded)
  packages/diagram-engine/test/share-card-export.test.mjs
      owned change (no specific note recorded)
  packages/diagram-engine/test/site-language-continuity.test.mjs
      owned change (no specific note recorded)
  packages/diagram-engine/test/site-language-integration.mjs
      owned change (no specific note recorded)
  packages/diagram-engine/test/skill-metadata.test.mjs
      owned change (no specific note recorded)
  packages/diagram-engine/test/stable-update-manifest.test.mjs
      owned change (no specific note recorded)
  packages/diagram-engine/test/start-page.test.mjs
      owned change (no specific note recorded)
  packages/diagram-engine/test/story-beat-navigator.test.mjs
      owned change (no specific note recorded)
  packages/diagram-engine/test/story-carrier.test.mjs
      owned change (no specific note recorded)
  packages/diagram-engine/test/story-director-strip.test.mjs
      owned change (no specific note recorded)
  packages/diagram-engine/test/story-follow-camera.test.mjs
      owned change (no specific note recorded)
  packages/diagram-engine/test/story-horizon.test.mjs
      owned change (no specific note recorded)
  packages/diagram-engine/test/story-moment-link.test.mjs
      owned change (no specific note recorded)
  packages/diagram-engine/test/story-shelf.test.mjs
      owned change (no specific note recorded)
  packages/diagram-engine/test/story-trail.test.mjs
      owned change (no specific note recorded)
  packages/diagram-engine/test/toolbar-polish.test.mjs
      owned change (no specific note recorded)
  packages/diagram-engine/test/update-contract.test.mjs
      owned change (no specific note recorded)
  packages/diagram-engine/test/update-notifier.test.mjs
      owned change (no specific note recorded)
  packages/diagram-engine/test/v1-compatibility.test.mjs
      owned change (no specific note recorded)
  packages/diagram-engine/test/vertical-edge.test.mjs
      owned change (no specific note recorded)
  packages/diagram-engine/test/viewer-chrome-layout.test.mjs
      owned change (no specific note recorded)
  packages/diagram-engine/test/visual-check.test.mjs
      owned change (no specific note recorded)
  packages/diagram-engine/test/webm-artifact.smoke.mjs
      owned change (no specific note recorded)
  packages/diagram-engine/test/workflow-compiler-hard-contract.test.mjs
      owned change (no specific note recorded)
  packages/diagram-engine/test/workflow-compiler.test.mjs
      owned change (no specific note recorded)
  packages/diagram-engine/test/workflow-migration.test.mjs
      owned change (no specific note recorded)
  packages/diagram-engine/test/workflow-semantic-contract.test.mjs
      owned change (no specific note recorded)
  examples/upstream-archify/archify-repo-grid.architecture.json
      owned change (no specific note recorded)
  examples/upstream-archify/archify-repo-grid.html
      owned change (no specific note recorded)
  examples/upstream-archify/archify-repo.html
      owned change (no specific note recorded)
  examples/upstream-archify/checkout-platform-delta.html
      owned change (no specific note recorded)
  examples/upstream-archify/checkout-platform-delta.receipt.json
      owned change (no specific note recorded)
  examples/upstream-archify/dataflow-product-analytics.html
      owned change (no specific note recorded)
  examples/upstream-archify/lifecycle-agent-run.html
      owned change (no specific note recorded)
  examples/upstream-archify/maka-architecture.architecture.json
      owned change (no specific note recorded)
  examples/upstream-archify/maka-architecture.html
      owned change (no specific note recorded)
  examples/upstream-archify/rag-pipeline.architecture.json
      owned change (no specific note recorded)
  examples/upstream-archify/rag-pipeline.html
      owned change (no specific note recorded)
  examples/upstream-archify/sequence-cache-miss-request.html
      owned change (no specific note recorded)
  examples/upstream-archify/sequence-cache-miss.html
      owned change (no specific note recorded)
  examples/upstream-archify/web-app-rendered.html
      owned change (no specific note recorded)
  examples/upstream-archify/web-app.html
      owned change (no specific note recorded)
  examples/upstream-archify/workflow-agent-tool-call-rendered.html
      owned change (no specific note recorded)
  examples/upstream-archify/workflow-agent-tool-call.html
      owned change (no specific note recorded)
  provenance/upstream-generated/archify/generated/maka-regenerated.workflow.html
      owned change (no specific note recorded)
  provenance/upstream-generated/archify/generated/maka-regenerated.workflow.json
      owned change (no specific note recorded)
  provenance/upstream-generated/archify/generated/maka-regenerated.workflow.visual-check.html
      owned change (no specific note recorded)
  tools/upstream-archify/build-gallery.mjs
      owned change (no specific note recorded)
  tools/upstream-archify/build-guide.mjs
      owned change (no specific note recorded)
  tools/upstream-archify/build-readme-showcase.mjs
      owned change (no specific note recorded)
  tools/upstream-archify/build-start.mjs
      owned change (no specific note recorded)
  tools/upstream-archify/check-release-identity.mjs
      owned change (no specific note recorded)
  tools/upstream-archify/check-stable-update-manifest.mjs
      owned change (no specific note recorded)
  tools/upstream-archify/copy-site-assets.mjs
      owned change (no specific note recorded)
  tools/upstream-archify/gallery-template.html
      owned change (no specific note recorded)
  tools/upstream-archify/guide-template.html
      owned change (no specific note recorded)
  tools/upstream-archify/package-smoke.mjs
      owned change (no specific note recorded)
  tools/upstream-archify/run-tests.mjs
      owned change (no specific note recorded)
  tools/upstream-archify/site-copy.mjs
      owned change (no specific note recorded)
  tools/upstream-archify/stage-clean-skill.mjs
      owned change (no specific note recorded)
  tools/upstream-archify/start-template.html
      owned change (no specific note recorded)
  tools/upstream-archify/third-party-notices-contract.mjs
      owned change (no specific note recorded)
  tools/upstream-archify/write-deterministic-zip.mjs
      owned change (no specific note recorded)
  .gitattributes
      Superseded during AFM-003: LF normalisation so Windows authoring cannot shift hashes in a Linux buil
  .gitignore
      Superseded during AFM-003: repository-owned policy. Upstream copy preserved at docs/upstream/hyperfr
  .oxlintrc.json
      owned change (no specific note recorded)
  .prettierignore
      owned change (no specific note recorded)
  bun.lock
      Regenerated by bun install after the root manifest was renamed to v-flow-exais. The lockfile records
  package.json
      Reconciled during AFM-003: renamed to v-flow-exais, upstream repository URL removed so this repo cla
  packages/cli/src/cli.ts
      owned change (no specific note recorded)
  packages/cli/src/commands/play.ts
      owned change (no specific note recorded)
  packages/cli/src/commands/present.ts
      owned change (no specific note recorded)
  packages/cli/src/server/studioServer.ts
      owned change (no specific note recorded)
  packages/cli/src/utils/staticProjectServer.ts
      owned change (no specific note recorded)
  packages/core/package.json
      owned change (no specific note recorded)
  packages/gcp-cloud-run/Dockerfile
      owned change (no specific note recorded)
  packages/parsers/src/index.ts
      owned change (no specific note recorded)
  packages/producer/package.json
      owned change (no specific note recorded)
  packages/producer/scripts/run-test-lane.mjs
      owned change (no specific note recorded)
  packages/producer/src/services/deterministicFonts-retries.test.ts
      owned change (no specific note recorded)
  packages/producer/src/services/deterministicFonts.ts
      owned change (no specific note recorded)
  packages/producer/src/services/distributed/assemble.ts
      owned change (no specific note recorded)
  packages/producer/src/services/htmlCompiler.ts
      owned change (no specific note recorded)
  packages/producer/src/services/render/audioPadTrim.integration.test.ts
      owned change (no specific note recorded)
  packages/producer/src/services/render/audioPadTrim.test.ts
      owned change (no specific note recorded)
  packages/producer/src/services/render/audioPadTrim.ts
      owned change (no specific note recorded)
  packages/producer/src/services/renderOrchestrator.ts
      owned change (no specific note recorded)
  packages/studio-server/package.json
      owned change (no specific note recorded)
  packages/studio-server/src/createStudioApi.ts
      owned change (no specific note recorded)
  packages/studio-server/src/index.ts
      owned change (no specific note recorded)
  packages/studio-server/src/types.ts
      owned change (no specific note recorded)
  packages/studio/package.json
      owned change (no specific note recorded)
  packages/studio/src/hooks/gsapScriptCommitHelpers.ts
      owned change (no specific note recorded)
  packages/studio/src/hooks/useDomEditCommits.ts
      owned change (no specific note recorded)
  packages/studio/src/hooks/useGsapScriptCommits.ts
      owned change (no specific note recorded)
  packages/studio/src/main.tsx
      owned change (no specific note recorded)
  packages/studio/vite.adapter.ts
      owned change (no specific note recorded)
  packages/studio/vite.config.ts
      owned change (no specific note recorded)
  packages/studio/vite.studioMotion.ts
      owned change (no specific note recorded)
  registry/examples/kinetic-type/compositions/main-graphics.html
      owned change (no specific note recorded)
  scripts/check-docs-snippet-motion.mjs
      owned change (no specific note recorded)
  scripts/check-docs-snippet-motion.test.mjs
      owned change (no specific note recorded)
  scripts/check-package-cycles.mjs
      owned change (no specific note recorded)
  scripts/player-cdn-pin.test.ts
      owned change (no specific note recorded)

PASS

FINISHED: 2026-09-11T20:26:38Z
EXIT=0
