$ bun run tools/build/workspace-cli.ts
workspace packages: 18
  public   @hyperframes/aws-lambda            packages/aws-lambda
  public   @hyperframes/cli                   packages/cli
  public   @hyperframes/core                  packages/core
  private  @hyperframes/diagram-engine        packages/diagram-engine
  private  @hyperframes/diagram-motion        packages/diagram-motion
  private  @hyperframes/diagram-viewer        packages/diagram-viewer
  public   @hyperframes/engine                packages/engine
  public   @hyperframes/gcp-cloud-run         packages/gcp-cloud-run
  public   @hyperframes/lint                  packages/lint
  public   @hyperframes/parsers               packages/parsers
  public   @hyperframes/player                packages/player
  public   @hyperframes/producer              packages/producer
  private  @hyperframes/project-model         packages/project-model
  public   @hyperframes/sdk                   packages/sdk
  private  @hyperframes/sdk-playground        packages/sdk-playground
  public   @hyperframes/shader-transitions    packages/shader-transitions
  public   @hyperframes/studio                packages/studio
  public   @hyperframes/studio-server         packages/studio-server

PASS: provenance/workspace-report.json
